RATELIMIT 2025/05/02 08:16:18 storage.go:36: Failed to create table: unable to open database file: out of memory (14)
RATELIMIT 2025/05/02 08:24:52 storage.go:52: Storage initialized successfully
RATELIMIT 2025/05/02 08:24:52 main.go:49: Админ-сервер запущен на :9090
RATELIMIT 2025/05/02 08:39:42 service.go:30: Checking rate limit for client: ip:[
RATELIMIT 2025/05/02 08:39:42 storage.go:64: Creating new client: ip:[
RATELIMIT 2025/05/02 08:39:42 service.go:30: Checking rate limit for client: ip:[
RATELIMIT 2025/05/02 08:39:42 service.go:30: Checking rate limit for client: ip:[
RATELIMIT 2025/05/02 08:39:42 service.go:30: Checking rate limit for client: ip:[
RATELIMIT 2025/05/02 08:39:42 service.go:30: Checking rate limit for client: ip:[
RATELIMIT 2025/05/02 08:39:42 service.go:30: Checking rate limit for client: ip:[
RATELIMIT 2025/05/02 08:39:42 service.go:30: Checking rate limit for client: ip:[
RATELIMIT 2025/05/02 08:39:42 service.go:30: Checking rate limit for client: ip:[
RATELIMIT 2025/05/02 08:39:43 service.go:30: Checking rate limit for client: ip:[
RATELIMIT 2025/05/02 08:39:43 service.go:30: Checking rate limit for client: ip:[
RATELIMIT 2025/05/02 08:39:43 service.go:30: Checking rate limit for client: ip:[
RATELIMIT 2025/05/02 08:39:43 service.go:30: Checking rate limit for client: ip:[
RATELIMIT 2025/05/02 08:39:43 service.go:30: Checking rate limit for client: ip:[
RATELIMIT 2025/05/02 08:39:43 service.go:30: Checking rate limit for client: ip:[
RATELIMIT 2025/05/02 08:39:43 service.go:30: Checking rate limit for client: ip:[
RATELIMIT 2025/05/02 08:39:43 service.go:30: Checking rate limit for client: ip:[
RATELIMIT 2025/05/02 08:39:43 service.go:30: Checking rate limit for client: ip:[
RATELIMIT 2025/05/02 08:39:43 service.go:30: Checking rate limit for client: ip:[
RATELIMIT 2025/05/02 08:39:43 service.go:30: Checking rate limit for client: ip:[
RATELIMIT 2025/05/02 08:39:43 service.go:30: Checking rate limit for client: ip:[
RATELIMIT 2025/05/02 08:39:43 service.go:30: Checking rate limit for client: ip:[
RATELIMIT 2025/05/02 08:39:43 service.go:30: Checking rate limit for client: ip:[
RATELIMIT 2025/05/02 08:39:43 service.go:30: Checking rate limit for client: ip:[
RATELIMIT 2025/05/02 08:39:43 service.go:30: Checking rate limit for client: ip:[
RATELIMIT 2025/05/02 08:39:43 service.go:30: Checking rate limit for client: ip:[
RATELIMIT 2025/05/02 08:39:43 service.go:30: Checking rate limit for client: ip:[
RATELIMIT 2025/05/02 08:39:43 service.go:30: Checking rate limit for client: ip:[
RATELIMIT 2025/05/02 08:39:43 service.go:30: Checking rate limit for client: ip:[
RATELIMIT 2025/05/02 08:39:43 service.go:30: Checking rate limit for client: ip:[
RATELIMIT 2025/05/02 08:39:43 service.go:30: Checking rate limit for client: ip:[
RATELIMIT 2025/05/02 08:39:43 service.go:30: Checking rate limit for client: ip:[
RATELIMIT 2025/05/02 08:39:43 service.go:30: Checking rate limit for client: ip:[
RATELIMIT 2025/05/02 08:39:43 service.go:30: Checking rate limit for client: ip:[
RATELIMIT 2025/05/02 08:39:43 service.go:30: Checking rate limit for client: ip:[
RATELIMIT 2025/05/02 08:39:43 service.go:30: Checking rate limit for client: ip:[
RATELIMIT 2025/05/02 08:39:43 service.go:30: Checking rate limit for client: ip:[
RATELIMIT 2025/05/02 08:39:43 service.go:30: Checking rate limit for client: ip:[
RATELIMIT 2025/05/02 08:39:43 service.go:30: Checking rate limit for client: ip:[
RATELIMIT 2025/05/02 08:39:43 service.go:30: Checking rate limit for client: ip:[
RATELIMIT 2025/05/02 08:39:43 service.go:30: Checking rate limit for client: ip:[
RATELIMIT 2025/05/02 08:39:43 service.go:30: Checking rate limit for client: ip:[
RATELIMIT 2025/05/02 08:39:43 service.go:30: Checking rate limit for client: ip:[
RATELIMIT 2025/05/02 08:39:43 service.go:30: Checking rate limit for client: ip:[
RATELIMIT 2025/05/02 08:39:43 service.go:30: Checking rate limit for client: ip:[
RATELIMIT 2025/05/02 08:39:43 service.go:30: Checking rate limit for client: ip:[
RATELIMIT 2025/05/02 08:39:43 service.go:30: Checking rate limit for client: ip:[
RATELIMIT 2025/05/02 08:39:43 service.go:30: Checking rate limit for client: ip:[
RATELIMIT 2025/05/02 08:39:43 service.go:30: Checking rate limit for client: ip:[
RATELIMIT 2025/05/02 08:39:43 service.go:30: Checking rate limit for client: ip:[
RATELIMIT 2025/05/02 08:39:43 service.go:30: Checking rate limit for client: ip:[
RATELIMIT 2025/05/02 08:39:54 main.go:33: Завершение работы rate limiter
RATELIMIT 2025/05/02 08:39:57 storage.go:52: БД успешно инициализирована
RATELIMIT 2025/05/02 08:39:57 main.go:47: Админ-сервер запущен на :8888
RATELIMIT 2025/05/02 08:40:03 service.go:30: Проверка лимита запросов: ip:[
RATELIMIT 2025/05/02 08:40:03 service.go:30: Проверка лимита запросов: ip:[
RATELIMIT 2025/05/02 08:40:03 service.go:30: Проверка лимита запросов: ip:[
RATELIMIT 2025/05/02 08:40:03 service.go:30: Проверка лимита запросов: ip:[
RATELIMIT 2025/05/02 08:40:03 service.go:30: Проверка лимита запросов: ip:[
RATELIMIT 2025/05/02 08:40:03 service.go:30: Проверка лимита запросов: ip:[
RATELIMIT 2025/05/02 08:40:03 service.go:30: Проверка лимита запросов: ip:[
RATELIMIT 2025/05/02 08:40:03 service.go:30: Проверка лимита запросов: ip:[
RATELIMIT 2025/05/02 08:40:03 service.go:30: Проверка лимита запросов: ip:[
RATELIMIT 2025/05/02 08:40:03 service.go:30: Проверка лимита запросов: ip:[
RATELIMIT 2025/05/02 08:40:03 service.go:30: Проверка лимита запросов: ip:[
RATELIMIT 2025/05/02 08:40:03 service.go:30: Проверка лимита запросов: ip:[
RATELIMIT 2025/05/02 08:40:03 service.go:30: Проверка лимита запросов: ip:[
RATELIMIT 2025/05/02 08:40:03 service.go:30: Проверка лимита запросов: ip:[
RATELIMIT 2025/05/02 08:40:03 service.go:30: Проверка лимита запросов: ip:[
RATELIMIT 2025/05/02 08:40:03 service.go:30: Проверка лимита запросов: ip:[
RATELIMIT 2025/05/02 08:40:03 service.go:30: Проверка лимита запросов: ip:[
RATELIMIT 2025/05/02 08:40:03 service.go:30: Проверка лимита запросов: ip:[
RATELIMIT 2025/05/02 08:40:03 service.go:30: Проверка лимита запросов: ip:[
RATELIMIT 2025/05/02 08:40:03 service.go:30: Проверка лимита запросов: ip:[
RATELIMIT 2025/05/02 08:40:03 service.go:30: Проверка лимита запросов: ip:[
RATELIMIT 2025/05/02 08:40:03 service.go:30: Проверка лимита запросов: ip:[
RATELIMIT 2025/05/02 08:40:03 service.go:30: Проверка лимита запросов: ip:[
RATELIMIT 2025/05/02 08:40:03 service.go:30: Проверка лимита запросов: ip:[
RATELIMIT 2025/05/02 08:40:03 service.go:30: Проверка лимита запросов: ip:[
RATELIMIT 2025/05/02 08:40:03 service.go:30: Проверка лимита запросов: ip:[
RATELIMIT 2025/05/02 08:40:03 service.go:30: Проверка лимита запросов: ip:[
RATELIMIT 2025/05/02 08:40:03 service.go:30: Проверка лимита запросов: ip:[
RATELIMIT 2025/05/02 08:40:03 service.go:30: Проверка лимита запросов: ip:[
RATELIMIT 2025/05/02 08:40:03 service.go:30: Проверка лимита запросов: ip:[
RATELIMIT 2025/05/02 08:40:03 service.go:30: Проверка лимита запросов: ip:[
RATELIMIT 2025/05/02 08:40:03 service.go:30: Проверка лимита запросов: ip:[
RATELIMIT 2025/05/02 08:40:03 service.go:30: Проверка лимита запросов: ip:[
RATELIMIT 2025/05/02 08:40:03 service.go:30: Проверка лимита запросов: ip:[
RATELIMIT 2025/05/02 08:40:03 service.go:30: Проверка лимита запросов: ip:[
RATELIMIT 2025/05/02 08:40:03 service.go:30: Проверка лимита запросов: ip:[
RATELIMIT 2025/05/02 08:40:03 service.go:30: Проверка лимита запросов: ip:[
RATELIMIT 2025/05/02 08:40:03 service.go:30: Проверка лимита запросов: ip:[
RATELIMIT 2025/05/02 08:40:03 service.go:30: Проверка лимита запросов: ip:[
RATELIMIT 2025/05/02 08:40:03 service.go:30: Проверка лимита запросов: ip:[
RATELIMIT 2025/05/02 08:40:03 service.go:30: Проверка лимита запросов: ip:[
RATELIMIT 2025/05/02 08:40:03 service.go:30: Проверка лимита запросов: ip:[
RATELIMIT 2025/05/02 08:40:03 service.go:30: Проверка лимита запросов: ip:[
RATELIMIT 2025/05/02 08:40:03 service.go:30: Проверка лимита запросов: ip:[
RATELIMIT 2025/05/02 08:40:03 service.go:30: Проверка лимита запросов: ip:[
RATELIMIT 2025/05/02 08:40:03 service.go:30: Проверка лимита запросов: ip:[
RATELIMIT 2025/05/02 08:40:03 service.go:30: Проверка лимита запросов: ip:[
RATELIMIT 2025/05/02 08:40:03 service.go:30: Проверка лимита запросов: ip:[
RATELIMIT 2025/05/02 08:40:03 service.go:30: Проверка лимита запросов: ip:[
RATELIMIT 2025/05/02 08:40:03 service.go:30: Проверка лимита запросов: ip:[
RATELIMIT 2025/05/02 08:41:06 main.go:31: Завершение работы rate limiter
RATELIMIT 2025/05/02 08:41:28 storage.go:52: БД успешно инициализирована
RATELIMIT 2025/05/02 08:41:28 main.go:49: Админ-сервер запущен на :8888
RATELIMIT 2025/05/02 08:41:32 service.go:30: Проверка лимита запросов: ip:[
RATELIMIT 2025/05/02 08:41:32 service.go:30: Проверка лимита запросов: ip:[
RATELIMIT 2025/05/02 08:41:32 service.go:30: Проверка лимита запросов: ip:[
RATELIMIT 2025/05/02 08:41:32 service.go:30: Проверка лимита запросов: ip:[
RATELIMIT 2025/05/02 08:41:32 service.go:30: Проверка лимита запросов: ip:[
RATELIMIT 2025/05/02 08:41:32 service.go:30: Проверка лимита запросов: ip:[
RATELIMIT 2025/05/02 08:41:32 service.go:30: Проверка лимита запросов: ip:[
RATELIMIT 2025/05/02 08:41:32 service.go:30: Проверка лимита запросов: ip:[
RATELIMIT 2025/05/02 08:41:32 service.go:30: Проверка лимита запросов: ip:[
RATELIMIT 2025/05/02 08:41:32 service.go:30: Проверка лимита запросов: ip:[
RATELIMIT 2025/05/02 08:41:32 service.go:30: Проверка лимита запросов: ip:[
RATELIMIT 2025/05/02 08:41:32 service.go:30: Проверка лимита запросов: ip:[
RATELIMIT 2025/05/02 08:41:32 service.go:30: Проверка лимита запросов: ip:[
RATELIMIT 2025/05/02 08:41:32 service.go:30: Проверка лимита запросов: ip:[
RATELIMIT 2025/05/02 08:41:32 service.go:30: Проверка лимита запросов: ip:[
RATELIMIT 2025/05/02 08:41:32 service.go:30: Проверка лимита запросов: ip:[
RATELIMIT 2025/05/02 08:41:32 service.go:30: Проверка лимита запросов: ip:[
RATELIMIT 2025/05/02 08:41:32 service.go:30: Проверка лимита запросов: ip:[
RATELIMIT 2025/05/02 08:41:32 service.go:30: Проверка лимита запросов: ip:[
RATELIMIT 2025/05/02 08:41:32 service.go:30: Проверка лимита запросов: ip:[
RATELIMIT 2025/05/02 08:41:32 service.go:30: Проверка лимита запросов: ip:[
RATELIMIT 2025/05/02 08:41:32 service.go:30: Проверка лимита запросов: ip:[
RATELIMIT 2025/05/02 08:41:32 service.go:30: Проверка лимита запросов: ip:[
RATELIMIT 2025/05/02 08:41:32 service.go:30: Проверка лимита запросов: ip:[
RATELIMIT 2025/05/02 08:41:32 service.go:30: Проверка лимита запросов: ip:[
RATELIMIT 2025/05/02 08:41:32 service.go:30: Проверка лимита запросов: ip:[
RATELIMIT 2025/05/02 08:41:32 service.go:30: Проверка лимита запросов: ip:[
RATELIMIT 2025/05/02 08:41:32 service.go:30: Проверка лимита запросов: ip:[
RATELIMIT 2025/05/02 08:41:32 service.go:30: Проверка лимита запросов: ip:[
RATELIMIT 2025/05/02 08:41:32 service.go:30: Проверка лимита запросов: ip:[
RATELIMIT 2025/05/02 08:41:32 service.go:30: Проверка лимита запросов: ip:[
RATELIMIT 2025/05/02 08:41:32 service.go:30: Проверка лимита запросов: ip:[
RATELIMIT 2025/05/02 08:41:32 service.go:30: Проверка лимита запросов: ip:[
RATELIMIT 2025/05/02 08:41:32 service.go:30: Проверка лимита запросов: ip:[
RATELIMIT 2025/05/02 08:41:32 service.go:30: Проверка лимита запросов: ip:[
RATELIMIT 2025/05/02 08:41:32 service.go:30: Проверка лимита запросов: ip:[
RATELIMIT 2025/05/02 08:41:32 service.go:30: Проверка лимита запросов: ip:[
RATELIMIT 2025/05/02 08:41:32 service.go:30: Проверка лимита запросов: ip:[
RATELIMIT 2025/05/02 08:41:32 service.go:30: Проверка лимита запросов: ip:[
RATELIMIT 2025/05/02 08:41:32 service.go:30: Проверка лимита запросов: ip:[
RATELIMIT 2025/05/02 08:41:32 service.go:30: Проверка лимита запросов: ip:[
RATELIMIT 2025/05/02 08:41:32 service.go:30: Проверка лимита запросов: ip:[
RATELIMIT 2025/05/02 08:41:32 service.go:30: Проверка лимита запросов: ip:[
RATELIMIT 2025/05/02 08:41:32 service.go:30: Проверка лимита запросов: ip:[
RATELIMIT 2025/05/02 08:41:32 service.go:30: Проверка лимита запросов: ip:[
RATELIMIT 2025/05/02 08:41:32 service.go:30: Проверка лимита запросов: ip:[
RATELIMIT 2025/05/02 08:41:32 service.go:30: Проверка лимита запросов: ip:[
RATELIMIT 2025/05/02 08:41:32 service.go:30: Проверка лимита запросов: ip:[
RATELIMIT 2025/05/02 08:41:32 service.go:30: Проверка лимита запросов: ip:[
RATELIMIT 2025/05/02 08:41:32 service.go:30: Проверка лимита запросов: ip:[
RATELIMIT 2025/05/02 08:45:25 main.go:33: Завершение работы rate limiter
RATELIMIT 2025/05/02 08:45:29 storage.go:52: БД успешно инициализирована
RATELIMIT 2025/05/02 08:45:29 main.go:49: Админ-сервер запущен на :8888
RATELIMIT 2025/05/02 08:45:41 service.go:30: Проверка лимита запросов: ip:[
RATELIMIT 2025/05/02 08:45:41 service.go:30: Проверка лимита запросов: ip:[
RATELIMIT 2025/05/02 08:45:41 service.go:30: Проверка лимита запросов: ip:[
RATELIMIT 2025/05/02 08:45:41 service.go:30: Проверка лимита запросов: ip:[
RATELIMIT 2025/05/02 08:45:41 service.go:30: Проверка лимита запросов: ip:[
RATELIMIT 2025/05/02 08:45:42 service.go:30: Проверка лимита запросов: ip:[
RATELIMIT 2025/05/02 08:45:42 service.go:30: Проверка лимита запросов: ip:[
RATELIMIT 2025/05/02 08:45:42 service.go:30: Проверка лимита запросов: ip:[
RATELIMIT 2025/05/02 08:45:42 service.go:30: Проверка лимита запросов: ip:[
RATELIMIT 2025/05/02 08:45:42 service.go:30: Проверка лимита запросов: ip:[
RATELIMIT 2025/05/02 08:45:42 service.go:30: Проверка лимита запросов: ip:[
RATELIMIT 2025/05/02 08:45:42 service.go:30: Проверка лимита запросов: ip:[
RATELIMIT 2025/05/02 08:45:42 service.go:30: Проверка лимита запросов: ip:[
RATELIMIT 2025/05/02 08:45:42 service.go:30: Проверка лимита запросов: ip:[
RATELIMIT 2025/05/02 08:45:42 service.go:30: Проверка лимита запросов: ip:[
RATELIMIT 2025/05/02 08:45:42 service.go:30: Проверка лимита запросов: ip:[
RATELIMIT 2025/05/02 08:45:42 service.go:30: Проверка лимита запросов: ip:[
RATELIMIT 2025/05/02 08:45:42 service.go:30: Проверка лимита запросов: ip:[
RATELIMIT 2025/05/02 08:45:42 service.go:30: Проверка лимита запросов: ip:[
RATELIMIT 2025/05/02 08:45:42 service.go:30: Проверка лимита запросов: ip:[
RATELIMIT 2025/05/02 08:45:42 service.go:30: Проверка лимита запросов: ip:[
RATELIMIT 2025/05/02 08:45:42 service.go:30: Проверка лимита запросов: ip:[
RATELIMIT 2025/05/02 08:45:42 service.go:30: Проверка лимита запросов: ip:[
RATELIMIT 2025/05/02 08:45:42 service.go:30: Проверка лимита запросов: ip:[
RATELIMIT 2025/05/02 08:45:42 service.go:30: Проверка лимита запросов: ip:[
RATELIMIT 2025/05/02 08:45:42 service.go:30: Проверка лимита запросов: ip:[
RATELIMIT 2025/05/02 08:45:42 service.go:30: Проверка лимита запросов: ip:[
RATELIMIT 2025/05/02 08:45:42 service.go:30: Проверка лимита запросов: ip:[
RATELIMIT 2025/05/02 08:45:42 service.go:30: Проверка лимита запросов: ip:[
RATELIMIT 2025/05/02 08:45:42 service.go:30: Проверка лимита запросов: ip:[
RATELIMIT 2025/05/02 08:45:42 service.go:30: Проверка лимита запросов: ip:[
RATELIMIT 2025/05/02 08:45:42 service.go:30: Проверка лимита запросов: ip:[
RATELIMIT 2025/05/02 08:45:42 service.go:30: Проверка лимита запросов: ip:[
RATELIMIT 2025/05/02 08:45:42 service.go:30: Проверка лимита запросов: ip:[
RATELIMIT 2025/05/02 08:45:42 service.go:30: Проверка лимита запросов: ip:[
RATELIMIT 2025/05/02 08:45:42 service.go:30: Проверка лимита запросов: ip:[
RATELIMIT 2025/05/02 08:45:42 service.go:30: Проверка лимита запросов: ip:[
RATELIMIT 2025/05/02 08:45:42 service.go:30: Проверка лимита запросов: ip:[
RATELIMIT 2025/05/02 08:45:42 service.go:30: Проверка лимита запросов: ip:[
RATELIMIT 2025/05/02 08:45:42 service.go:30: Проверка лимита запросов: ip:[
RATELIMIT 2025/05/02 08:45:42 service.go:30: Проверка лимита запросов: ip:[
RATELIMIT 2025/05/02 08:45:42 service.go:30: Проверка лимита запросов: ip:[
RATELIMIT 2025/05/02 08:45:42 service.go:30: Проверка лимита запросов: ip:[
RATELIMIT 2025/05/02 08:45:42 service.go:30: Проверка лимита запросов: ip:[
RATELIMIT 2025/05/02 08:45:42 service.go:30: Проверка лимита запросов: ip:[
RATELIMIT 2025/05/02 08:45:42 service.go:30: Проверка лимита запросов: ip:[
RATELIMIT 2025/05/02 08:45:42 service.go:30: Проверка лимита запросов: ip:[
RATELIMIT 2025/05/02 08:45:42 service.go:30: Проверка лимита запросов: ip:[
RATELIMIT 2025/05/02 08:45:42 service.go:30: Проверка лимита запросов: ip:[
RATELIMIT 2025/05/02 08:45:42 service.go:30: Проверка лимита запросов: ip:[
RATELIMIT 2025/05/02 08:49:08 service.go:30: Проверка лимита запросов: ip:[
RATELIMIT 2025/05/02 08:49:08 service.go:30: Проверка лимита запросов: ip:[
RATELIMIT 2025/05/02 08:49:08 service.go:30: Проверка лимита запросов: ip:[
RATELIMIT 2025/05/02 08:49:08 service.go:30: Проверка лимита запросов: ip:[
RATELIMIT 2025/05/02 08:49:08 service.go:30: Проверка лимита запросов: ip:[
RATELIMIT 2025/05/02 08:49:08 service.go:30: Проверка лимита запросов: ip:[
RATELIMIT 2025/05/02 08:49:08 service.go:30: Проверка лимита запросов: ip:[
RATELIMIT 2025/05/02 08:49:08 service.go:30: Проверка лимита запросов: ip:[
RATELIMIT 2025/05/02 08:49:08 service.go:30: Проверка лимита запросов: ip:[
RATELIMIT 2025/05/02 08:49:08 service.go:30: Проверка лимита запросов: ip:[
RATELIMIT 2025/05/02 08:49:08 service.go:30: Проверка лимита запросов: ip:[
RATELIMIT 2025/05/02 08:49:08 service.go:30: Проверка лимита запросов: ip:[
RATELIMIT 2025/05/02 08:49:08 service.go:30: Проверка лимита запросов: ip:[
RATELIMIT 2025/05/02 08:49:08 service.go:30: Проверка лимита запросов: ip:[
RATELIMIT 2025/05/02 08:49:08 service.go:30: Проверка лимита запросов: ip:[
RATELIMIT 2025/05/02 08:49:08 service.go:30: Проверка лимита запросов: ip:[
RATELIMIT 2025/05/02 08:49:08 service.go:30: Проверка лимита запросов: ip:[
RATELIMIT 2025/05/02 08:49:08 service.go:30: Проверка лимита запросов: ip:[
RATELIMIT 2025/05/02 08:49:08 service.go:30: Проверка лимита запросов: ip:[
RATELIMIT 2025/05/02 08:49:08 service.go:30: Проверка лимита запросов: ip:[
RATELIMIT 2025/05/02 08:49:08 service.go:30: Проверка лимита запросов: ip:[
RATELIMIT 2025/05/02 08:49:08 service.go:30: Проверка лимита запросов: ip:[
RATELIMIT 2025/05/02 08:49:08 service.go:30: Проверка лимита запросов: ip:[
RATELIMIT 2025/05/02 08:49:08 service.go:30: Проверка лимита запросов: ip:[
RATELIMIT 2025/05/02 08:49:08 service.go:30: Проверка лимита запросов: ip:[
RATELIMIT 2025/05/02 08:49:08 service.go:30: Проверка лимита запросов: ip:[
RATELIMIT 2025/05/02 08:49:08 service.go:30: Проверка лимита запросов: ip:[
RATELIMIT 2025/05/02 08:49:08 service.go:30: Проверка лимита запросов: ip:[
RATELIMIT 2025/05/02 08:49:08 service.go:30: Проверка лимита запросов: ip:[
RATELIMIT 2025/05/02 08:49:08 service.go:30: Проверка лимита запросов: ip:[
RATELIMIT 2025/05/02 08:49:08 service.go:30: Проверка лимита запросов: ip:[
RATELIMIT 2025/05/02 08:49:08 service.go:30: Проверка лимита запросов: ip:[
RATELIMIT 2025/05/02 08:49:08 service.go:30: Проверка лимита запросов: ip:[
RATELIMIT 2025/05/02 08:49:08 service.go:30: Проверка лимита запросов: ip:[
RATELIMIT 2025/05/02 08:49:08 service.go:30: Проверка лимита запросов: ip:[
RATELIMIT 2025/05/02 08:49:08 service.go:30: Проверка лимита запросов: ip:[
RATELIMIT 2025/05/02 08:49:08 service.go:30: Проверка лимита запросов: ip:[
RATELIMIT 2025/05/02 08:49:08 service.go:30: Проверка лимита запросов: ip:[
RATELIMIT 2025/05/02 08:49:08 service.go:30: Проверка лимита запросов: ip:[
RATELIMIT 2025/05/02 08:49:08 service.go:30: Проверка лимита запросов: ip:[
RATELIMIT 2025/05/02 08:49:08 service.go:30: Проверка лимита запросов: ip:[
RATELIMIT 2025/05/02 08:49:08 service.go:30: Проверка лимита запросов: ip:[
RATELIMIT 2025/05/02 08:49:08 service.go:30: Проверка лимита запросов: ip:[
RATELIMIT 2025/05/02 08:49:08 service.go:30: Проверка лимита запросов: ip:[
RATELIMIT 2025/05/02 08:49:08 service.go:30: Проверка лимита запросов: ip:[
RATELIMIT 2025/05/02 08:49:08 service.go:30: Проверка лимита запросов: ip:[
RATELIMIT 2025/05/02 08:49:08 service.go:30: Проверка лимита запросов: ip:[
RATELIMIT 2025/05/02 08:49:08 service.go:30: Проверка лимита запросов: ip:[
RATELIMIT 2025/05/02 08:49:08 service.go:30: Проверка лимита запросов: ip:[
RATELIMIT 2025/05/02 08:49:08 service.go:30: Проверка лимита запросов: ip:[
RATELIMIT 2025/05/02 08:49:16 service.go:30: Проверка лимита запросов: ip:[
RATELIMIT 2025/05/02 08:49:16 service.go:30: Проверка лимита запросов: ip:[
RATELIMIT 2025/05/02 08:49:16 service.go:30: Проверка лимита запросов: ip:[
RATELIMIT 2025/05/02 08:49:16 service.go:30: Проверка лимита запросов: ip:[
RATELIMIT 2025/05/02 08:49:16 service.go:30: Проверка лимита запросов: ip:[
RATELIMIT 2025/05/02 08:49:16 service.go:30: Проверка лимита запросов: ip:[
RATELIMIT 2025/05/02 08:49:16 service.go:30: Проверка лимита запросов: ip:[
RATELIMIT 2025/05/02 08:49:16 service.go:30: Проверка лимита запросов: ip:[
RATELIMIT 2025/05/02 08:49:16 service.go:30: Проверка лимита запросов: ip:[
RATELIMIT 2025/05/02 08:49:16 service.go:30: Проверка лимита запросов: ip:[
RATELIMIT 2025/05/02 08:49:16 service.go:30: Проверка лимита запросов: ip:[
RATELIMIT 2025/05/02 08:49:16 service.go:30: Проверка лимита запросов: ip:[
RATELIMIT 2025/05/02 08:49:16 service.go:30: Проверка лимита запросов: ip:[
RATELIMIT 2025/05/02 08:49:16 service.go:30: Проверка лимита запросов: ip:[
RATELIMIT 2025/05/02 08:49:16 service.go:30: Проверка лимита запросов: ip:[
RATELIMIT 2025/05/02 08:49:16 service.go:30: Проверка лимита запросов: ip:[
RATELIMIT 2025/05/02 08:49:16 service.go:30: Проверка лимита запросов: ip:[
RATELIMIT 2025/05/02 08:49:16 service.go:30: Проверка лимита запросов: ip:[
RATELIMIT 2025/05/02 08:49:16 service.go:30: Проверка лимита запросов: ip:[
RATELIMIT 2025/05/02 08:49:16 service.go:30: Проверка лимита запросов: ip:[
RATELIMIT 2025/05/02 08:49:16 service.go:30: Проверка лимита запросов: ip:[
RATELIMIT 2025/05/02 08:49:16 service.go:30: Проверка лимита запросов: ip:[
RATELIMIT 2025/05/02 08:49:16 service.go:30: Проверка лимита запросов: ip:[
RATELIMIT 2025/05/02 08:49:16 service.go:30: Проверка лимита запросов: ip:[
RATELIMIT 2025/05/02 08:49:16 service.go:30: Проверка лимита запросов: ip:[
RATELIMIT 2025/05/02 08:49:16 service.go:30: Проверка лимита запросов: ip:[
RATELIMIT 2025/05/02 08:49:16 service.go:30: Проверка лимита запросов: ip:[
RATELIMIT 2025/05/02 08:49:16 service.go:30: Проверка лимита запросов: ip:[
RATELIMIT 2025/05/02 08:49:16 service.go:30: Проверка лимита запросов: ip:[
RATELIMIT 2025/05/02 08:49:16 service.go:30: Проверка лимита запросов: ip:[
RATELIMIT 2025/05/02 08:49:16 service.go:30: Проверка лимита запросов: ip:[
RATELIMIT 2025/05/02 08:49:16 service.go:30: Проверка лимита запросов: ip:[
RATELIMIT 2025/05/02 08:49:16 service.go:30: Проверка лимита запросов: ip:[
RATELIMIT 2025/05/02 08:49:16 service.go:30: Проверка лимита запросов: ip:[
RATELIMIT 2025/05/02 08:49:16 service.go:30: Проверка лимита запросов: ip:[
RATELIMIT 2025/05/02 08:49:16 service.go:30: Проверка лимита запросов: ip:[
RATELIMIT 2025/05/02 08:49:16 service.go:30: Проверка лимита запросов: ip:[
RATELIMIT 2025/05/02 08:49:16 service.go:30: Проверка лимита запросов: ip:[
RATELIMIT 2025/05/02 08:49:16 service.go:30: Проверка лимита запросов: ip:[
RATELIMIT 2025/05/02 08:49:16 service.go:30: Проверка лимита запросов: ip:[
RATELIMIT 2025/05/02 08:49:16 service.go:30: Проверка лимита запросов: ip:[
RATELIMIT 2025/05/02 08:49:16 service.go:30: Проверка лимита запросов: ip:[
RATELIMIT 2025/05/02 08:49:16 service.go:30: Проверка лимита запросов: ip:[
RATELIMIT 2025/05/02 08:49:16 service.go:30: Проверка лимита запросов: ip:[
RATELIMIT 2025/05/02 08:49:16 service.go:30: Проверка лимита запросов: ip:[
RATELIMIT 2025/05/02 08:49:16 service.go:30: Проверка лимита запросов: ip:[
RATELIMIT 2025/05/02 08:49:16 service.go:30: Проверка лимита запросов: ip:[
RATELIMIT 2025/05/02 08:49:16 service.go:30: Проверка лимита запросов: ip:[
RATELIMIT 2025/05/02 08:49:16 service.go:30: Проверка лимита запросов: ip:[
RATELIMIT 2025/05/02 08:49:16 service.go:30: Проверка лимита запросов: ip:[
RATELIMIT 2025/05/02 08:52:43 main.go:33: Завершение работы rate limiter
RATELIMIT 2025/05/02 08:52:52 storage.go:52: БД успешно инициализирована
RATELIMIT 2025/05/02 08:52:52 main.go:49: Админ-сервер запущен на :8888
RATELIMIT 2025/05/02 08:52:56 service.go:30: Проверка лимита запросов: ip:[
RATELIMIT 2025/05/02 08:52:56 service.go:30: Проверка лимита запросов: ip:[
RATELIMIT 2025/05/02 08:52:56 service.go:30: Проверка лимита запросов: ip:[
RATELIMIT 2025/05/02 08:52:56 service.go:30: Проверка лимита запросов: ip:[
RATELIMIT 2025/05/02 08:52:56 service.go:30: Проверка лимита запросов: ip:[
RATELIMIT 2025/05/02 08:52:56 service.go:30: Проверка лимита запросов: ip:[
RATELIMIT 2025/05/02 08:52:56 service.go:30: Проверка лимита запросов: ip:[
RATELIMIT 2025/05/02 08:52:56 service.go:30: Проверка лимита запросов: ip:[
RATELIMIT 2025/05/02 08:52:56 service.go:30: Проверка лимита запросов: ip:[
RATELIMIT 2025/05/02 08:52:56 service.go:30: Проверка лимита запросов: ip:[
RATELIMIT 2025/05/02 08:52:56 service.go:30: Проверка лимита запросов: ip:[
RATELIMIT 2025/05/02 08:52:56 service.go:30: Проверка лимита запросов: ip:[
RATELIMIT 2025/05/02 08:52:56 service.go:30: Проверка лимита запросов: ip:[
RATELIMIT 2025/05/02 08:52:56 service.go:30: Проверка лимита запросов: ip:[
RATELIMIT 2025/05/02 08:52:56 service.go:30: Проверка лимита запросов: ip:[
RATELIMIT 2025/05/02 08:52:56 service.go:30: Проверка лимита запросов: ip:[
RATELIMIT 2025/05/02 08:52:56 service.go:30: Проверка лимита запросов: ip:[
RATELIMIT 2025/05/02 08:52:56 service.go:30: Проверка лимита запросов: ip:[
RATELIMIT 2025/05/02 08:52:56 service.go:30: Проверка лимита запросов: ip:[
RATELIMIT 2025/05/02 08:52:56 service.go:30: Проверка лимита запросов: ip:[
RATELIMIT 2025/05/02 08:52:56 service.go:30: Проверка лимита запросов: ip:[
RATELIMIT 2025/05/02 08:52:56 service.go:30: Проверка лимита запросов: ip:[
RATELIMIT 2025/05/02 08:52:56 service.go:30: Проверка лимита запросов: ip:[
RATELIMIT 2025/05/02 08:52:56 service.go:30: Проверка лимита запросов: ip:[
RATELIMIT 2025/05/02 08:52:56 service.go:30: Проверка лимита запросов: ip:[
RATELIMIT 2025/05/02 08:52:56 service.go:30: Проверка лимита запросов: ip:[
RATELIMIT 2025/05/02 08:52:56 service.go:30: Проверка лимита запросов: ip:[
RATELIMIT 2025/05/02 08:52:56 service.go:30: Проверка лимита запросов: ip:[
RATELIMIT 2025/05/02 08:52:56 service.go:30: Проверка лимита запросов: ip:[
RATELIMIT 2025/05/02 08:52:56 service.go:30: Проверка лимита запросов: ip:[
RATELIMIT 2025/05/02 08:52:56 service.go:30: Проверка лимита запросов: ip:[
RATELIMIT 2025/05/02 08:52:56 service.go:30: Проверка лимита запросов: ip:[
RATELIMIT 2025/05/02 08:52:56 service.go:30: Проверка лимита запросов: ip:[
RATELIMIT 2025/05/02 08:52:56 service.go:30: Проверка лимита запросов: ip:[
RATELIMIT 2025/05/02 08:52:56 service.go:30: Проверка лимита запросов: ip:[
RATELIMIT 2025/05/02 08:52:56 service.go:30: Проверка лимита запросов: ip:[
RATELIMIT 2025/05/02 08:52:56 service.go:30: Проверка лимита запросов: ip:[
RATELIMIT 2025/05/02 08:52:56 service.go:30: Проверка лимита запросов: ip:[
RATELIMIT 2025/05/02 08:52:56 service.go:30: Проверка лимита запросов: ip:[
RATELIMIT 2025/05/02 08:52:56 service.go:30: Проверка лимита запросов: ip:[
RATELIMIT 2025/05/02 08:52:56 service.go:30: Проверка лимита запросов: ip:[
RATELIMIT 2025/05/02 08:52:56 service.go:30: Проверка лимита запросов: ip:[
RATELIMIT 2025/05/02 08:52:56 service.go:30: Проверка лимита запросов: ip:[
RATELIMIT 2025/05/02 08:52:56 service.go:30: Проверка лимита запросов: ip:[
RATELIMIT 2025/05/02 08:52:56 service.go:30: Проверка лимита запросов: ip:[
RATELIMIT 2025/05/02 08:52:56 service.go:30: Проверка лимита запросов: ip:[
RATELIMIT 2025/05/02 08:52:56 service.go:30: Проверка лимита запросов: ip:[
RATELIMIT 2025/05/02 08:52:56 service.go:30: Проверка лимита запросов: ip:[
RATELIMIT 2025/05/02 08:52:56 service.go:30: Проверка лимита запросов: ip:[
RATELIMIT 2025/05/02 08:52:56 service.go:30: Проверка лимита запросов: ip:[
RATELIMIT 2025/05/02 08:54:43 main.go:33: Завершение работы rate limiter
RATELIMIT 2025/05/02 08:54:46 storage.go:52: БД успешно инициализирована
RATELIMIT 2025/05/02 08:54:46 main.go:49: Админ-сервер запущен на :8888
RATELIMIT 2025/05/02 08:54:49 service.go:30: Проверка лимита запросов: ip:[
RATELIMIT 2025/05/02 08:54:49 service.go:30: Проверка лимита запросов: ip:[
RATELIMIT 2025/05/02 08:54:49 service.go:30: Проверка лимита запросов: ip:[
RATELIMIT 2025/05/02 08:54:49 service.go:30: Проверка лимита запросов: ip:[
RATELIMIT 2025/05/02 08:54:49 service.go:30: Проверка лимита запросов: ip:[
RATELIMIT 2025/05/02 08:54:49 service.go:30: Проверка лимита запросов: ip:[
RATELIMIT 2025/05/02 08:54:49 service.go:30: Проверка лимита запросов: ip:[
RATELIMIT 2025/05/02 08:54:49 service.go:30: Проверка лимита запросов: ip:[
RATELIMIT 2025/05/02 08:54:49 service.go:30: Проверка лимита запросов: ip:[
RATELIMIT 2025/05/02 08:54:49 service.go:30: Проверка лимита запросов: ip:[
RATELIMIT 2025/05/02 08:54:49 service.go:30: Проверка лимита запросов: ip:[
RATELIMIT 2025/05/02 08:54:49 service.go:30: Проверка лимита запросов: ip:[
RATELIMIT 2025/05/02 08:54:49 service.go:30: Проверка лимита запросов: ip:[
RATELIMIT 2025/05/02 08:54:49 service.go:30: Проверка лимита запросов: ip:[
RATELIMIT 2025/05/02 08:54:49 service.go:30: Проверка лимита запросов: ip:[
RATELIMIT 2025/05/02 08:54:49 service.go:30: Проверка лимита запросов: ip:[
RATELIMIT 2025/05/02 08:54:49 service.go:30: Проверка лимита запросов: ip:[
RATELIMIT 2025/05/02 08:54:49 service.go:30: Проверка лимита запросов: ip:[
RATELIMIT 2025/05/02 08:54:49 service.go:30: Проверка лимита запросов: ip:[
RATELIMIT 2025/05/02 08:54:49 service.go:30: Проверка лимита запросов: ip:[
RATELIMIT 2025/05/02 08:54:49 service.go:30: Проверка лимита запросов: ip:[
RATELIMIT 2025/05/02 08:54:49 service.go:30: Проверка лимита запросов: ip:[
RATELIMIT 2025/05/02 08:54:49 service.go:30: Проверка лимита запросов: ip:[
RATELIMIT 2025/05/02 08:54:49 service.go:30: Проверка лимита запросов: ip:[
RATELIMIT 2025/05/02 08:54:49 service.go:30: Проверка лимита запросов: ip:[
RATELIMIT 2025/05/02 08:54:49 service.go:30: Проверка лимита запросов: ip:[
RATELIMIT 2025/05/02 08:54:49 service.go:30: Проверка лимита запросов: ip:[
RATELIMIT 2025/05/02 08:54:49 service.go:30: Проверка лимита запросов: ip:[
RATELIMIT 2025/05/02 08:54:49 service.go:30: Проверка лимита запросов: ip:[
RATELIMIT 2025/05/02 08:54:49 service.go:30: Проверка лимита запросов: ip:[
RATELIMIT 2025/05/02 08:54:49 service.go:30: Проверка лимита запросов: ip:[
RATELIMIT 2025/05/02 08:54:49 service.go:30: Проверка лимита запросов: ip:[
RATELIMIT 2025/05/02 08:54:49 service.go:30: Проверка лимита запросов: ip:[
RATELIMIT 2025/05/02 08:54:49 service.go:30: Проверка лимита запросов: ip:[
RATELIMIT 2025/05/02 08:54:49 service.go:30: Проверка лимита запросов: ip:[
RATELIMIT 2025/05/02 08:54:49 service.go:30: Проверка лимита запросов: ip:[
RATELIMIT 2025/05/02 08:54:49 service.go:30: Проверка лимита запросов: ip:[
RATELIMIT 2025/05/02 08:54:49 service.go:30: Проверка лимита запросов: ip:[
RATELIMIT 2025/05/02 08:54:49 service.go:30: Проверка лимита запросов: ip:[
RATELIMIT 2025/05/02 08:54:49 service.go:30: Проверка лимита запросов: ip:[
RATELIMIT 2025/05/02 08:54:49 service.go:30: Проверка лимита запросов: ip:[
RATELIMIT 2025/05/02 08:54:49 service.go:30: Проверка лимита запросов: ip:[
RATELIMIT 2025/05/02 08:54:49 service.go:30: Проверка лимита запросов: ip:[
RATELIMIT 2025/05/02 08:54:49 service.go:30: Проверка лимита запросов: ip:[
RATELIMIT 2025/05/02 08:54:49 service.go:30: Проверка лимита запросов: ip:[
RATELIMIT 2025/05/02 08:54:49 service.go:30: Проверка лимита запросов: ip:[
RATELIMIT 2025/05/02 08:54:49 service.go:30: Проверка лимита запросов: ip:[
RATELIMIT 2025/05/02 08:54:49 service.go:30: Проверка лимита запросов: ip:[
RATELIMIT 2025/05/02 08:54:49 service.go:30: Проверка лимита запросов: ip:[
RATELIMIT 2025/05/02 08:54:49 service.go:30: Проверка лимита запросов: ip:[
RATELIMIT 2025/05/02 08:57:49 main.go:33: Завершение работы rate limiter
RATELIMIT 2025/05/02 08:59:10 storage.go:52: БД успешно инициализирована
RATELIMIT 2025/05/02 08:59:10 main.go:49: Админ-сервер запущен на :8888
RATELIMIT 2025/05/02 09:00:36 service.go:30: Проверка лимита запросов: ip:[
RATELIMIT 2025/05/02 09:00:36 service.go:30: Проверка лимита запросов: ip:[
RATELIMIT 2025/05/02 09:00:36 service.go:30: Проверка лимита запросов: ip:[
RATELIMIT 2025/05/02 09:00:36 service.go:30: Проверка лимита запросов: ip:[
RATELIMIT 2025/05/02 09:00:36 service.go:30: Проверка лимита запросов: ip:[
RATELIMIT 2025/05/02 09:00:36 service.go:30: Проверка лимита запросов: ip:[
RATELIMIT 2025/05/02 09:00:36 service.go:30: Проверка лимита запросов: ip:[
RATELIMIT 2025/05/02 09:00:36 service.go:30: Проверка лимита запросов: ip:[
RATELIMIT 2025/05/02 09:00:36 service.go:30: Проверка лимита запросов: ip:[
RATELIMIT 2025/05/02 09:00:36 service.go:30: Проверка лимита запросов: ip:[
RATELIMIT 2025/05/02 09:00:36 service.go:30: Проверка лимита запросов: ip:[
RATELIMIT 2025/05/02 09:00:36 service.go:30: Проверка лимита запросов: ip:[
RATELIMIT 2025/05/02 09:00:36 service.go:30: Проверка лимита запросов: ip:[
RATELIMIT 2025/05/02 09:00:36 service.go:30: Проверка лимита запросов: ip:[
RATELIMIT 2025/05/02 09:00:36 service.go:30: Проверка лимита запросов: ip:[
RATELIMIT 2025/05/02 09:00:36 service.go:30: Проверка лимита запросов: ip:[
RATELIMIT 2025/05/02 09:00:36 service.go:30: Проверка лимита запросов: ip:[
RATELIMIT 2025/05/02 09:00:36 service.go:30: Проверка лимита запросов: ip:[
RATELIMIT 2025/05/02 09:00:36 service.go:30: Проверка лимита запросов: ip:[
RATELIMIT 2025/05/02 09:00:36 service.go:30: Проверка лимита запросов: ip:[
RATELIMIT 2025/05/02 09:00:36 service.go:30: Проверка лимита запросов: ip:[
RATELIMIT 2025/05/02 09:00:36 service.go:30: Проверка лимита запросов: ip:[
RATELIMIT 2025/05/02 09:00:36 service.go:30: Проверка лимита запросов: ip:[
RATELIMIT 2025/05/02 09:00:36 service.go:30: Проверка лимита запросов: ip:[
RATELIMIT 2025/05/02 09:00:36 service.go:30: Проверка лимита запросов: ip:[
RATELIMIT 2025/05/02 09:00:36 service.go:30: Проверка лимита запросов: ip:[
RATELIMIT 2025/05/02 09:00:36 service.go:30: Проверка лимита запросов: ip:[
RATELIMIT 2025/05/02 09:00:36 service.go:30: Проверка лимита запросов: ip:[
RATELIMIT 2025/05/02 09:00:36 service.go:30: Проверка лимита запросов: ip:[
RATELIMIT 2025/05/02 09:00:36 service.go:30: Проверка лимита запросов: ip:[
RATELIMIT 2025/05/02 09:00:36 service.go:30: Проверка лимита запросов: ip:[
RATELIMIT 2025/05/02 09:00:36 service.go:30: Проверка лимита запросов: ip:[
RATELIMIT 2025/05/02 09:00:36 service.go:30: Проверка лимита запросов: ip:[
RATELIMIT 2025/05/02 09:00:36 service.go:30: Проверка лимита запросов: ip:[
RATELIMIT 2025/05/02 09:00:36 service.go:30: Проверка лимита запросов: ip:[
RATELIMIT 2025/05/02 09:00:36 service.go:30: Проверка лимита запросов: ip:[
RATELIMIT 2025/05/02 09:00:36 service.go:30: Проверка лимита запросов: ip:[
RATELIMIT 2025/05/02 09:00:36 service.go:30: Проверка лимита запросов: ip:[
RATELIMIT 2025/05/02 09:00:36 service.go:30: Проверка лимита запросов: ip:[
RATELIMIT 2025/05/02 09:00:36 service.go:30: Проверка лимита запросов: ip:[
RATELIMIT 2025/05/02 09:00:36 service.go:30: Проверка лимита запросов: ip:[
RATELIMIT 2025/05/02 09:00:36 service.go:30: Проверка лимита запросов: ip:[
RATELIMIT 2025/05/02 09:00:36 service.go:30: Проверка лимита запросов: ip:[
RATELIMIT 2025/05/02 09:00:36 service.go:30: Проверка лимита запросов: ip:[
RATELIMIT 2025/05/02 09:00:36 service.go:30: Проверка лимита запросов: ip:[
RATELIMIT 2025/05/02 09:00:36 service.go:30: Проверка лимита запросов: ip:[
RATELIMIT 2025/05/02 09:00:36 service.go:30: Проверка лимита запросов: ip:[
RATELIMIT 2025/05/02 09:00:36 service.go:30: Проверка лимита запросов: ip:[
RATELIMIT 2025/05/02 09:00:36 service.go:30: Проверка лимита запросов: ip:[
RATELIMIT 2025/05/02 09:00:36 service.go:30: Проверка лимита запросов: ip:[
RATELIMIT 2025/05/02 09:03:28 main.go:33: Завершение работы rate limiter
RATELIMIT 2025/05/02 09:03:40 storage.go:52: БД успешно инициализирована
RATELIMIT 2025/05/02 09:03:40 main.go:49: Админ-сервер запущен на :8888
RATELIMIT 2025/05/02 09:06:27 main.go:33: Завершение работы rate limiter
RATELIMIT 2025/05/02 09:06:31 storage.go:52: БД успешно инициализирована
RATELIMIT 2025/05/02 09:06:31 main.go:49: Админ-сервер запущен на :8888
RATELIMIT 2025/05/02 09:06:34 service.go:30: Проверка лимита запросов: ip:[
RATELIMIT 2025/05/02 09:06:34 service.go:30: Проверка лимита запросов: ip:[
RATELIMIT 2025/05/02 09:06:34 service.go:30: Проверка лимита запросов: ip:[
RATELIMIT 2025/05/02 09:06:34 service.go:30: Проверка лимита запросов: ip:[
RATELIMIT 2025/05/02 09:06:34 service.go:30: Проверка лимита запросов: ip:[
RATELIMIT 2025/05/02 09:06:34 service.go:30: Проверка лимита запросов: ip:[
RATELIMIT 2025/05/02 09:06:34 service.go:30: Проверка лимита запросов: ip:[
RATELIMIT 2025/05/02 09:06:34 service.go:30: Проверка лимита запросов: ip:[
RATELIMIT 2025/05/02 09:06:34 service.go:30: Проверка лимита запросов: ip:[
RATELIMIT 2025/05/02 09:06:34 service.go:30: Проверка лимита запросов: ip:[
RATELIMIT 2025/05/02 09:06:34 service.go:30: Проверка лимита запросов: ip:[
RATELIMIT 2025/05/02 09:06:34 service.go:30: Проверка лимита запросов: ip:[
RATELIMIT 2025/05/02 09:06:34 service.go:30: Проверка лимита запросов: ip:[
RATELIMIT 2025/05/02 09:06:34 service.go:30: Проверка лимита запросов: ip:[
RATELIMIT 2025/05/02 09:06:34 service.go:30: Проверка лимита запросов: ip:[
RATELIMIT 2025/05/02 09:06:34 service.go:30: Проверка лимита запросов: ip:[
RATELIMIT 2025/05/02 09:06:34 service.go:30: Проверка лимита запросов: ip:[
RATELIMIT 2025/05/02 09:06:34 service.go:30: Проверка лимита запросов: ip:[
RATELIMIT 2025/05/02 09:06:34 service.go:30: Проверка лимита запросов: ip:[
RATELIMIT 2025/05/02 09:06:34 service.go:30: Проверка лимита запросов: ip:[
RATELIMIT 2025/05/02 09:06:34 service.go:30: Проверка лимита запросов: ip:[
RATELIMIT 2025/05/02 09:06:34 service.go:30: Проверка лимита запросов: ip:[
RATELIMIT 2025/05/02 09:06:34 service.go:30: Проверка лимита запросов: ip:[
RATELIMIT 2025/05/02 09:06:34 service.go:30: Проверка лимита запросов: ip:[
RATELIMIT 2025/05/02 09:06:34 service.go:30: Проверка лимита запросов: ip:[
RATELIMIT 2025/05/02 09:06:34 service.go:30: Проверка лимита запросов: ip:[
RATELIMIT 2025/05/02 09:06:34 service.go:30: Проверка лимита запросов: ip:[
RATELIMIT 2025/05/02 09:06:34 service.go:30: Проверка лимита запросов: ip:[
RATELIMIT 2025/05/02 09:06:34 service.go:30: Проверка лимита запросов: ip:[
RATELIMIT 2025/05/02 09:06:34 service.go:30: Проверка лимита запросов: ip:[
RATELIMIT 2025/05/02 09:06:34 service.go:30: Проверка лимита запросов: ip:[
RATELIMIT 2025/05/02 09:06:34 service.go:30: Проверка лимита запросов: ip:[
RATELIMIT 2025/05/02 09:06:34 service.go:30: Проверка лимита запросов: ip:[
RATELIMIT 2025/05/02 09:06:34 service.go:30: Проверка лимита запросов: ip:[
RATELIMIT 2025/05/02 09:06:34 service.go:30: Проверка лимита запросов: ip:[
RATELIMIT 2025/05/02 09:06:34 service.go:30: Проверка лимита запросов: ip:[
RATELIMIT 2025/05/02 09:06:34 service.go:30: Проверка лимита запросов: ip:[
RATELIMIT 2025/05/02 09:06:34 service.go:30: Проверка лимита запросов: ip:[
RATELIMIT 2025/05/02 09:06:34 service.go:30: Проверка лимита запросов: ip:[
RATELIMIT 2025/05/02 09:06:34 service.go:30: Проверка лимита запросов: ip:[
RATELIMIT 2025/05/02 09:06:34 service.go:30: Проверка лимита запросов: ip:[
RATELIMIT 2025/05/02 09:06:34 service.go:30: Проверка лимита запросов: ip:[
RATELIMIT 2025/05/02 09:06:34 service.go:30: Проверка лимита запросов: ip:[
RATELIMIT 2025/05/02 09:06:34 service.go:30: Проверка лимита запросов: ip:[
RATELIMIT 2025/05/02 09:06:34 service.go:30: Проверка лимита запросов: ip:[
RATELIMIT 2025/05/02 09:06:34 service.go:30: Проверка лимита запросов: ip:[
RATELIMIT 2025/05/02 09:06:34 service.go:30: Проверка лимита запросов: ip:[
RATELIMIT 2025/05/02 09:06:34 service.go:30: Проверка лимита запросов: ip:[
RATELIMIT 2025/05/02 09:06:34 service.go:30: Проверка лимита запросов: ip:[
RATELIMIT 2025/05/02 09:06:34 service.go:30: Проверка лимита запросов: ip:[
RATELIMIT 2025/05/02 09:09:27 main.go:33: Завершение работы rate limiter
RATELIMIT 2025/05/02 09:09:31 storage.go:52: БД успешно инициализирована
RATELIMIT 2025/05/02 09:09:31 main.go:49: Админ-сервер запущен на :8888
RATELIMIT 2025/05/02 09:09:34 service.go:31: Проверка лимита запросов: ip:::1
RATELIMIT 2025/05/02 09:09:34 storage.go:69: создание нового клиента: ip:::1
RATELIMIT 2025/05/02 09:09:34 service.go:31: Проверка лимита запросов: ip:::1
RATELIMIT 2025/05/02 09:09:34 service.go:31: Проверка лимита запросов: ip:::1
RATELIMIT 2025/05/02 09:09:34 service.go:31: Проверка лимита запросов: ip:::1
RATELIMIT 2025/05/02 09:09:34 service.go:31: Проверка лимита запросов: ip:::1
RATELIMIT 2025/05/02 09:09:34 service.go:31: Проверка лимита запросов: ip:::1
RATELIMIT 2025/05/02 09:09:34 service.go:31: Проверка лимита запросов: ip:::1
RATELIMIT 2025/05/02 09:09:34 service.go:31: Проверка лимита запросов: ip:::1
RATELIMIT 2025/05/02 09:09:34 service.go:31: Проверка лимита запросов: ip:::1
RATELIMIT 2025/05/02 09:09:34 service.go:31: Проверка лимита запросов: ip:::1
RATELIMIT 2025/05/02 09:09:34 service.go:31: Проверка лимита запросов: ip:::1
RATELIMIT 2025/05/02 09:09:34 service.go:31: Проверка лимита запросов: ip:::1
RATELIMIT 2025/05/02 09:09:34 service.go:31: Проверка лимита запросов: ip:::1
RATELIMIT 2025/05/02 09:09:34 service.go:31: Проверка лимита запросов: ip:::1
RATELIMIT 2025/05/02 09:09:34 service.go:31: Проверка лимита запросов: ip:::1
RATELIMIT 2025/05/02 09:09:34 service.go:31: Проверка лимита запросов: ip:::1
RATELIMIT 2025/05/02 09:09:34 service.go:31: Проверка лимита запросов: ip:::1
RATELIMIT 2025/05/02 09:09:34 service.go:31: Проверка лимита запросов: ip:::1
RATELIMIT 2025/05/02 09:09:34 service.go:31: Проверка лимита запросов: ip:::1
RATELIMIT 2025/05/02 09:09:34 service.go:31: Проверка лимита запросов: ip:::1
RATELIMIT 2025/05/02 09:09:34 service.go:31: Проверка лимита запросов: ip:::1
RATELIMIT 2025/05/02 09:09:34 service.go:31: Проверка лимита запросов: ip:::1
RATELIMIT 2025/05/02 09:09:34 service.go:31: Проверка лимита запросов: ip:::1
RATELIMIT 2025/05/02 09:09:34 service.go:31: Проверка лимита запросов: ip:::1
RATELIMIT 2025/05/02 09:09:34 service.go:31: Проверка лимита запросов: ip:::1
RATELIMIT 2025/05/02 09:09:34 service.go:31: Проверка лимита запросов: ip:::1
RATELIMIT 2025/05/02 09:09:34 service.go:31: Проверка лимита запросов: ip:::1
RATELIMIT 2025/05/02 09:09:34 service.go:31: Проверка лимита запросов: ip:::1
RATELIMIT 2025/05/02 09:09:34 service.go:31: Проверка лимита запросов: ip:::1
RATELIMIT 2025/05/02 09:09:34 service.go:31: Проверка лимита запросов: ip:::1
RATELIMIT 2025/05/02 09:09:34 service.go:31: Проверка лимита запросов: ip:::1
RATELIMIT 2025/05/02 09:09:34 service.go:31: Проверка лимита запросов: ip:::1
RATELIMIT 2025/05/02 09:09:34 service.go:31: Проверка лимита запросов: ip:::1
RATELIMIT 2025/05/02 09:09:34 service.go:31: Проверка лимита запросов: ip:::1
RATELIMIT 2025/05/02 09:09:34 service.go:31: Проверка лимита запросов: ip:::1
RATELIMIT 2025/05/02 09:09:34 service.go:31: Проверка лимита запросов: ip:::1
RATELIMIT 2025/05/02 09:09:34 service.go:31: Проверка лимита запросов: ip:::1
RATELIMIT 2025/05/02 09:09:34 service.go:31: Проверка лимита запросов: ip:::1
RATELIMIT 2025/05/02 09:09:34 service.go:31: Проверка лимита запросов: ip:::1
RATELIMIT 2025/05/02 09:09:34 service.go:31: Проверка лимита запросов: ip:::1
RATELIMIT 2025/05/02 09:09:34 service.go:31: Проверка лимита запросов: ip:::1
RATELIMIT 2025/05/02 09:09:34 service.go:31: Проверка лимита запросов: ip:::1
RATELIMIT 2025/05/02 09:09:34 service.go:31: Проверка лимита запросов: ip:::1
RATELIMIT 2025/05/02 09:09:34 service.go:31: Проверка лимита запросов: ip:::1
RATELIMIT 2025/05/02 09:09:34 service.go:31: Проверка лимита запросов: ip:::1
RATELIMIT 2025/05/02 09:09:34 service.go:31: Проверка лимита запросов: ip:::1
RATELIMIT 2025/05/02 09:09:34 service.go:31: Проверка лимита запросов: ip:::1
RATELIMIT 2025/05/02 09:09:34 service.go:31: Проверка лимита запросов: ip:::1
RATELIMIT 2025/05/02 09:09:34 service.go:31: Проверка лимита запросов: ip:::1
RATELIMIT 2025/05/02 09:09:34 service.go:31: Проверка лимита запросов: ip:::1
RATELIMIT 2025/05/02 09:12:12 main.go:33: Завершение работы rate limiter
RATELIMIT 2025/05/02 09:12:15 storage.go:52: БД успешно инициализирована
RATELIMIT 2025/05/02 09:12:15 main.go:49: Админ-сервер запущен на :8888
RATELIMIT 2025/05/02 09:12:18 service.go:31: Проверка лимита запросов: ip:::1
RATELIMIT 2025/05/02 09:12:18 service.go:31: Проверка лимита запросов: ip:::1
RATELIMIT 2025/05/02 09:12:18 service.go:31: Проверка лимита запросов: ip:::1
RATELIMIT 2025/05/02 09:12:18 service.go:31: Проверка лимита запросов: ip:::1
RATELIMIT 2025/05/02 09:12:18 service.go:31: Проверка лимита запросов: ip:::1
RATELIMIT 2025/05/02 09:12:18 service.go:31: Проверка лимита запросов: ip:::1
RATELIMIT 2025/05/02 09:12:18 service.go:31: Проверка лимита запросов: ip:::1
RATELIMIT 2025/05/02 09:12:18 service.go:31: Проверка лимита запросов: ip:::1
RATELIMIT 2025/05/02 09:12:18 service.go:31: Проверка лимита запросов: ip:::1
RATELIMIT 2025/05/02 09:12:18 service.go:31: Проверка лимита запросов: ip:::1
RATELIMIT 2025/05/02 09:12:18 service.go:31: Проверка лимита запросов: ip:::1
RATELIMIT 2025/05/02 09:12:18 service.go:31: Проверка лимита запросов: ip:::1
RATELIMIT 2025/05/02 09:12:18 service.go:31: Проверка лимита запросов: ip:::1
RATELIMIT 2025/05/02 09:12:18 service.go:31: Проверка лимита запросов: ip:::1
RATELIMIT 2025/05/02 09:12:18 service.go:31: Проверка лимита запросов: ip:::1
RATELIMIT 2025/05/02 09:12:18 service.go:31: Проверка лимита запросов: ip:::1
RATELIMIT 2025/05/02 09:12:18 service.go:31: Проверка лимита запросов: ip:::1
RATELIMIT 2025/05/02 09:12:18 service.go:31: Проверка лимита запросов: ip:::1
RATELIMIT 2025/05/02 09:12:18 service.go:31: Проверка лимита запросов: ip:::1
RATELIMIT 2025/05/02 09:12:18 service.go:31: Проверка лимита запросов: ip:::1
RATELIMIT 2025/05/02 09:12:18 service.go:31: Проверка лимита запросов: ip:::1
RATELIMIT 2025/05/02 09:12:18 service.go:31: Проверка лимита запросов: ip:::1
RATELIMIT 2025/05/02 09:12:18 service.go:31: Проверка лимита запросов: ip:::1
RATELIMIT 2025/05/02 09:12:18 service.go:31: Проверка лимита запросов: ip:::1
RATELIMIT 2025/05/02 09:12:18 service.go:31: Проверка лимита запросов: ip:::1
RATELIMIT 2025/05/02 09:12:18 service.go:31: Проверка лимита запросов: ip:::1
RATELIMIT 2025/05/02 09:12:18 service.go:31: Проверка лимита запросов: ip:::1
RATELIMIT 2025/05/02 09:12:18 service.go:31: Проверка лимита запросов: ip:::1
RATELIMIT 2025/05/02 09:12:18 service.go:31: Проверка лимита запросов: ip:::1
RATELIMIT 2025/05/02 09:12:18 service.go:31: Проверка лимита запросов: ip:::1
RATELIMIT 2025/05/02 09:12:18 service.go:31: Проверка лимита запросов: ip:::1
RATELIMIT 2025/05/02 09:12:18 service.go:31: Проверка лимита запросов: ip:::1
RATELIMIT 2025/05/02 09:12:18 service.go:31: Проверка лимита запросов: ip:::1
RATELIMIT 2025/05/02 09:12:18 service.go:31: Проверка лимита запросов: ip:::1
RATELIMIT 2025/05/02 09:12:18 service.go:31: Проверка лимита запросов: ip:::1
RATELIMIT 2025/05/02 09:12:18 service.go:31: Проверка лимита запросов: ip:::1
RATELIMIT 2025/05/02 09:12:18 service.go:31: Проверка лимита запросов: ip:::1
RATELIMIT 2025/05/02 09:12:18 service.go:31: Проверка лимита запросов: ip:::1
RATELIMIT 2025/05/02 09:12:18 service.go:31: Проверка лимита запросов: ip:::1
RATELIMIT 2025/05/02 09:12:18 service.go:31: Проверка лимита запросов: ip:::1
RATELIMIT 2025/05/02 09:12:18 service.go:31: Проверка лимита запросов: ip:::1
RATELIMIT 2025/05/02 09:12:18 service.go:31: Проверка лимита запросов: ip:::1
RATELIMIT 2025/05/02 09:12:18 service.go:31: Проверка лимита запросов: ip:::1
RATELIMIT 2025/05/02 09:12:18 service.go:31: Проверка лимита запросов: ip:::1
RATELIMIT 2025/05/02 09:12:18 service.go:31: Проверка лимита запросов: ip:::1
RATELIMIT 2025/05/02 09:12:18 service.go:31: Проверка лимита запросов: ip:::1
RATELIMIT 2025/05/02 09:12:18 service.go:31: Проверка лимита запросов: ip:::1
RATELIMIT 2025/05/02 09:12:18 service.go:31: Проверка лимита запросов: ip:::1
RATELIMIT 2025/05/02 09:12:18 service.go:31: Проверка лимита запросов: ip:::1
RATELIMIT 2025/05/02 09:12:18 service.go:31: Проверка лимита запросов: ip:::1
RATELIMIT 2025/05/02 09:13:07 service.go:31: Проверка лимита запросов: ip:::1
RATELIMIT 2025/05/02 09:13:07 service.go:31: Проверка лимита запросов: ip:::1
RATELIMIT 2025/05/02 09:13:07 service.go:31: Проверка лимита запросов: ip:::1
RATELIMIT 2025/05/02 09:13:07 service.go:31: Проверка лимита запросов: ip:::1
RATELIMIT 2025/05/02 09:13:07 service.go:31: Проверка лимита запросов: ip:::1
RATELIMIT 2025/05/02 09:13:07 service.go:31: Проверка лимита запросов: ip:::1
RATELIMIT 2025/05/02 09:13:07 service.go:31: Проверка лимита запросов: ip:::1
RATELIMIT 2025/05/02 09:13:07 service.go:31: Проверка лимита запросов: ip:::1
RATELIMIT 2025/05/02 09:13:07 service.go:31: Проверка лимита запросов: ip:::1
RATELIMIT 2025/05/02 09:13:07 service.go:31: Проверка лимита запросов: ip:::1
RATELIMIT 2025/05/02 09:13:07 service.go:31: Проверка лимита запросов: ip:::1
RATELIMIT 2025/05/02 09:13:07 service.go:31: Проверка лимита запросов: ip:::1
RATELIMIT 2025/05/02 09:13:07 service.go:31: Проверка лимита запросов: ip:::1
RATELIMIT 2025/05/02 09:13:07 service.go:31: Проверка лимита запросов: ip:::1
RATELIMIT 2025/05/02 09:13:07 service.go:31: Проверка лимита запросов: ip:::1
RATELIMIT 2025/05/02 09:13:07 service.go:31: Проверка лимита запросов: ip:::1
RATELIMIT 2025/05/02 09:13:07 service.go:31: Проверка лимита запросов: ip:::1
RATELIMIT 2025/05/02 09:13:07 service.go:31: Проверка лимита запросов: ip:::1
RATELIMIT 2025/05/02 09:13:07 service.go:31: Проверка лимита запросов: ip:::1
RATELIMIT 2025/05/02 09:13:07 service.go:31: Проверка лимита запросов: ip:::1
RATELIMIT 2025/05/02 09:13:07 service.go:31: Проверка лимита запросов: ip:::1
RATELIMIT 2025/05/02 09:13:07 service.go:31: Проверка лимита запросов: ip:::1
RATELIMIT 2025/05/02 09:13:07 service.go:31: Проверка лимита запросов: ip:::1
RATELIMIT 2025/05/02 09:13:07 service.go:31: Проверка лимита запросов: ip:::1
RATELIMIT 2025/05/02 09:13:07 service.go:31: Проверка лимита запросов: ip:::1
RATELIMIT 2025/05/02 09:13:07 service.go:31: Проверка лимита запросов: ip:::1
RATELIMIT 2025/05/02 09:13:07 service.go:31: Проверка лимита запросов: ip:::1
RATELIMIT 2025/05/02 09:13:07 service.go:31: Проверка лимита запросов: ip:::1
RATELIMIT 2025/05/02 09:13:07 service.go:31: Проверка лимита запросов: ip:::1
RATELIMIT 2025/05/02 09:13:07 service.go:31: Проверка лимита запросов: ip:::1
RATELIMIT 2025/05/02 09:13:07 service.go:31: Проверка лимита запросов: ip:::1
RATELIMIT 2025/05/02 09:13:07 service.go:31: Проверка лимита запросов: ip:::1
RATELIMIT 2025/05/02 09:13:07 service.go:31: Проверка лимита запросов: ip:::1
RATELIMIT 2025/05/02 09:13:07 service.go:31: Проверка лимита запросов: ip:::1
RATELIMIT 2025/05/02 09:13:07 service.go:31: Проверка лимита запросов: ip:::1
RATELIMIT 2025/05/02 09:13:07 service.go:31: Проверка лимита запросов: ip:::1
RATELIMIT 2025/05/02 09:13:07 service.go:31: Проверка лимита запросов: ip:::1
RATELIMIT 2025/05/02 09:13:07 service.go:31: Проверка лимита запросов: ip:::1
RATELIMIT 2025/05/02 09:13:07 service.go:31: Проверка лимита запросов: ip:::1
RATELIMIT 2025/05/02 09:13:07 service.go:31: Проверка лимита запросов: ip:::1
RATELIMIT 2025/05/02 09:13:07 service.go:31: Проверка лимита запросов: ip:::1
RATELIMIT 2025/05/02 09:13:07 service.go:31: Проверка лимита запросов: ip:::1
RATELIMIT 2025/05/02 09:13:07 service.go:31: Проверка лимита запросов: ip:::1
RATELIMIT 2025/05/02 09:13:07 service.go:31: Проверка лимита запросов: ip:::1
RATELIMIT 2025/05/02 09:13:07 service.go:31: Проверка лимита запросов: ip:::1
RATELIMIT 2025/05/02 09:13:07 service.go:31: Проверка лимита запросов: ip:::1
RATELIMIT 2025/05/02 09:13:07 service.go:31: Проверка лимита запросов: ip:::1
RATELIMIT 2025/05/02 09:13:07 service.go:31: Проверка лимита запросов: ip:::1
RATELIMIT 2025/05/02 09:13:07 service.go:31: Проверка лимита запросов: ip:::1
RATELIMIT 2025/05/02 09:13:07 service.go:31: Проверка лимита запросов: ip:::1
RATELIMIT 2025/05/02 09:13:08 service.go:31: Проверка лимита запросов: ip:::1
RATELIMIT 2025/05/02 09:13:08 service.go:31: Проверка лимита запросов: ip:::1
RATELIMIT 2025/05/02 09:13:08 service.go:31: Проверка лимита запросов: ip:::1
RATELIMIT 2025/05/02 09:13:08 service.go:31: Проверка лимита запросов: ip:::1
RATELIMIT 2025/05/02 09:13:08 service.go:31: Проверка лимита запросов: ip:::1
RATELIMIT 2025/05/02 09:13:08 service.go:31: Проверка лимита запросов: ip:::1
RATELIMIT 2025/05/02 09:13:08 service.go:31: Проверка лимита запросов: ip:::1
RATELIMIT 2025/05/02 09:13:08 service.go:31: Проверка лимита запросов: ip:::1
RATELIMIT 2025/05/02 09:13:08 service.go:31: Проверка лимита запросов: ip:::1
RATELIMIT 2025/05/02 09:13:08 service.go:31: Проверка лимита запросов: ip:::1
RATELIMIT 2025/05/02 09:13:08 service.go:31: Проверка лимита запросов: ip:::1
RATELIMIT 2025/05/02 09:13:08 service.go:31: Проверка лимита запросов: ip:::1
RATELIMIT 2025/05/02 09:13:08 service.go:31: Проверка лимита запросов: ip:::1
RATELIMIT 2025/05/02 09:13:08 service.go:31: Проверка лимита запросов: ip:::1
RATELIMIT 2025/05/02 09:13:08 service.go:31: Проверка лимита запросов: ip:::1
RATELIMIT 2025/05/02 09:13:08 service.go:31: Проверка лимита запросов: ip:::1
RATELIMIT 2025/05/02 09:13:08 service.go:31: Проверка лимита запросов: ip:::1
RATELIMIT 2025/05/02 09:13:08 service.go:31: Проверка лимита запросов: ip:::1
RATELIMIT 2025/05/02 09:13:08 service.go:31: Проверка лимита запросов: ip:::1
RATELIMIT 2025/05/02 09:13:08 service.go:31: Проверка лимита запросов: ip:::1
RATELIMIT 2025/05/02 09:13:08 service.go:31: Проверка лимита запросов: ip:::1
RATELIMIT 2025/05/02 09:13:08 service.go:31: Проверка лимита запросов: ip:::1
RATELIMIT 2025/05/02 09:13:08 service.go:31: Проверка лимита запросов: ip:::1
RATELIMIT 2025/05/02 09:13:08 service.go:31: Проверка лимита запросов: ip:::1
RATELIMIT 2025/05/02 09:13:08 service.go:31: Проверка лимита запросов: ip:::1
RATELIMIT 2025/05/02 09:13:08 service.go:31: Проверка лимита запросов: ip:::1
RATELIMIT 2025/05/02 09:13:08 service.go:31: Проверка лимита запросов: ip:::1
RATELIMIT 2025/05/02 09:13:08 service.go:31: Проверка лимита запросов: ip:::1
RATELIMIT 2025/05/02 09:13:08 service.go:31: Проверка лимита запросов: ip:::1
RATELIMIT 2025/05/02 09:13:08 service.go:31: Проверка лимита запросов: ip:::1
RATELIMIT 2025/05/02 09:13:08 service.go:31: Проверка лимита запросов: ip:::1
RATELIMIT 2025/05/02 09:13:08 service.go:31: Проверка лимита запросов: ip:::1
RATELIMIT 2025/05/02 09:13:08 service.go:31: Проверка лимита запросов: ip:::1
RATELIMIT 2025/05/02 09:13:08 service.go:31: Проверка лимита запросов: ip:::1
RATELIMIT 2025/05/02 09:13:08 service.go:31: Проверка лимита запросов: ip:::1
RATELIMIT 2025/05/02 09:13:08 service.go:31: Проверка лимита запросов: ip:::1
RATELIMIT 2025/05/02 09:13:08 service.go:31: Проверка лимита запросов: ip:::1
RATELIMIT 2025/05/02 09:13:08 service.go:31: Проверка лимита запросов: ip:::1
RATELIMIT 2025/05/02 09:13:08 service.go:31: Проверка лимита запросов: ip:::1
RATELIMIT 2025/05/02 09:13:08 service.go:31: Проверка лимита запросов: ip:::1
RATELIMIT 2025/05/02 09:13:08 service.go:31: Проверка лимита запросов: ip:::1
RATELIMIT 2025/05/02 09:13:08 service.go:31: Проверка лимита запросов: ip:::1
RATELIMIT 2025/05/02 09:13:08 service.go:31: Проверка лимита запросов: ip:::1
RATELIMIT 2025/05/02 09:13:08 service.go:31: Проверка лимита запросов: ip:::1
RATELIMIT 2025/05/02 09:13:08 service.go:31: Проверка лимита запросов: ip:::1
RATELIMIT 2025/05/02 09:13:08 service.go:31: Проверка лимита запросов: ip:::1
RATELIMIT 2025/05/02 09:13:08 service.go:31: Проверка лимита запросов: ip:::1
RATELIMIT 2025/05/02 09:13:08 service.go:31: Проверка лимита запросов: ip:::1
RATELIMIT 2025/05/02 09:13:08 service.go:31: Проверка лимита запросов: ip:::1
RATELIMIT 2025/05/02 09:13:08 service.go:31: Проверка лимита запросов: ip:::1
RATELIMIT 2025/05/02 09:13:08 service.go:41: Превышен лимит запросов для клиента: ip:::1
RATELIMIT 2025/05/02 09:13:09 service.go:31: Проверка лимита запросов: ip:::1
RATELIMIT 2025/05/02 09:13:09 service.go:31: Проверка лимита запросов: ip:::1
RATELIMIT 2025/05/02 09:13:09 service.go:31: Проверка лимита запросов: ip:::1
RATELIMIT 2025/05/02 09:13:09 service.go:31: Проверка лимита запросов: ip:::1
RATELIMIT 2025/05/02 09:13:09 service.go:31: Проверка лимита запросов: ip:::1
RATELIMIT 2025/05/02 09:13:09 service.go:31: Проверка лимита запросов: ip:::1
RATELIMIT 2025/05/02 09:13:09 service.go:31: Проверка лимита запросов: ip:::1
RATELIMIT 2025/05/02 09:13:09 service.go:31: Проверка лимита запросов: ip:::1
RATELIMIT 2025/05/02 09:13:09 service.go:31: Проверка лимита запросов: ip:::1
RATELIMIT 2025/05/02 09:13:09 service.go:31: Проверка лимита запросов: ip:::1
RATELIMIT 2025/05/02 09:13:09 service.go:31: Проверка лимита запросов: ip:::1
RATELIMIT 2025/05/02 09:13:09 service.go:41: Превышен лимит запросов для клиента: ip:::1
RATELIMIT 2025/05/02 09:13:09 service.go:41: Превышен лимит запросов для клиента: ip:::1
RATELIMIT 2025/05/02 09:13:09 service.go:31: Проверка лимита запросов: ip:::1
RATELIMIT 2025/05/02 09:13:09 service.go:31: Проверка лимита запросов: ip:::1
RATELIMIT 2025/05/02 09:13:09 service.go:41: Превышен лимит запросов для клиента: ip:::1
RATELIMIT 2025/05/02 09:13:09 service.go:41: Превышен лимит запросов для клиента: ip:::1
RATELIMIT 2025/05/02 09:13:09 service.go:31: Проверка лимита запросов: ip:::1
RATELIMIT 2025/05/02 09:13:09 service.go:31: Проверка лимита запросов: ip:::1
RATELIMIT 2025/05/02 09:13:09 service.go:41: Превышен лимит запросов для клиента: ip:::1
RATELIMIT 2025/05/02 09:13:09 service.go:41: Превышен лимит запросов для клиента: ip:::1
RATELIMIT 2025/05/02 09:13:09 service.go:41: Превышен лимит запросов для клиента: ip:::1
RATELIMIT 2025/05/02 09:13:09 service.go:31: Проверка лимита запросов: ip:::1
RATELIMIT 2025/05/02 09:13:09 service.go:31: Проверка лимита запросов: ip:::1
RATELIMIT 2025/05/02 09:13:09 service.go:31: Проверка лимита запросов: ip:::1
RATELIMIT 2025/05/02 09:13:09 service.go:41: Превышен лимит запросов для клиента: ip:::1
RATELIMIT 2025/05/02 09:13:09 service.go:41: Превышен лимит запросов для клиента: ip:::1
RATELIMIT 2025/05/02 09:13:09 service.go:31: Проверка лимита запросов: ip:::1
RATELIMIT 2025/05/02 09:13:09 service.go:31: Проверка лимита запросов: ip:::1
RATELIMIT 2025/05/02 09:13:09 service.go:41: Превышен лимит запросов для клиента: ip:::1
RATELIMIT 2025/05/02 09:13:09 service.go:31: Проверка лимита запросов: ip:::1
RATELIMIT 2025/05/02 09:13:09 service.go:41: Превышен лимит запросов для клиента: ip:::1
RATELIMIT 2025/05/02 09:13:09 service.go:41: Превышен лимит запросов для клиента: ip:::1
RATELIMIT 2025/05/02 09:13:09 service.go:31: Проверка лимита запросов: ip:::1
RATELIMIT 2025/05/02 09:13:09 service.go:31: Проверка лимита запросов: ip:::1
RATELIMIT 2025/05/02 09:13:09 service.go:41: Превышен лимит запросов для клиента: ip:::1
RATELIMIT 2025/05/02 09:13:09 service.go:41: Превышен лимит запросов для клиента: ip:::1
RATELIMIT 2025/05/02 09:13:09 service.go:41: Превышен лимит запросов для клиента: ip:::1
RATELIMIT 2025/05/02 09:13:09 service.go:41: Превышен лимит запросов для клиента: ip:::1
RATELIMIT 2025/05/02 09:13:09 service.go:41: Превышен лимит запросов для клиента: ip:::1
RATELIMIT 2025/05/02 09:13:09 service.go:31: Проверка лимита запросов: ip:::1
RATELIMIT 2025/05/02 09:13:09 service.go:31: Проверка лимита запросов: ip:::1
RATELIMIT 2025/05/02 09:13:09 service.go:31: Проверка лимита запросов: ip:::1
RATELIMIT 2025/05/02 09:13:09 service.go:31: Проверка лимита запросов: ip:::1
RATELIMIT 2025/05/02 09:13:09 service.go:31: Проверка лимита запросов: ip:::1
RATELIMIT 2025/05/02 09:13:09 service.go:41: Превышен лимит запросов для клиента: ip:::1
RATELIMIT 2025/05/02 09:13:09 service.go:31: Проверка лимита запросов: ip:::1
RATELIMIT 2025/05/02 09:13:09 service.go:41: Превышен лимит запросов для клиента: ip:::1
RATELIMIT 2025/05/02 09:13:09 service.go:41: Превышен лимит запросов для клиента: ip:::1
RATELIMIT 2025/05/02 09:13:09 service.go:31: Проверка лимита запросов: ip:::1
RATELIMIT 2025/05/02 09:13:09 service.go:31: Проверка лимита запросов: ip:::1
RATELIMIT 2025/05/02 09:13:09 service.go:41: Превышен лимит запросов для клиента: ip:::1
RATELIMIT 2025/05/02 09:13:09 service.go:41: Превышен лимит запросов для клиента: ip:::1
RATELIMIT 2025/05/02 09:13:09 service.go:41: Превышен лимит запросов для клиента: ip:::1
RATELIMIT 2025/05/02 09:13:09 service.go:41: Превышен лимит запросов для клиента: ip:::1
RATELIMIT 2025/05/02 09:13:09 service.go:41: Превышен лимит запросов для клиента: ip:::1
RATELIMIT 2025/05/02 09:13:09 service.go:31: Проверка лимита запросов: ip:::1
RATELIMIT 2025/05/02 09:13:09 service.go:31: Проверка лимита запросов: ip:::1
RATELIMIT 2025/05/02 09:13:09 service.go:31: Проверка лимита запросов: ip:::1
RATELIMIT 2025/05/02 09:13:09 service.go:31: Проверка лимита запросов: ip:::1
RATELIMIT 2025/05/02 09:13:09 service.go:31: Проверка лимита запросов: ip:::1
RATELIMIT 2025/05/02 09:13:09 service.go:41: Превышен лимит запросов для клиента: ip:::1
RATELIMIT 2025/05/02 09:13:09 service.go:31: Проверка лимита запросов: ip:::1
RATELIMIT 2025/05/02 09:13:09 service.go:41: Превышен лимит запросов для клиента: ip:::1
RATELIMIT 2025/05/02 09:13:09 service.go:31: Проверка лимита запросов: ip:::1
RATELIMIT 2025/05/02 09:13:09 service.go:41: Превышен лимит запросов для клиента: ip:::1
RATELIMIT 2025/05/02 09:13:09 service.go:41: Превышен лимит запросов для клиента: ip:::1
RATELIMIT 2025/05/02 09:13:09 service.go:31: Проверка лимита запросов: ip:::1
RATELIMIT 2025/05/02 09:13:09 service.go:31: Проверка лимита запросов: ip:::1
RATELIMIT 2025/05/02 09:13:09 service.go:41: Превышен лимит запросов для клиента: ip:::1
RATELIMIT 2025/05/02 09:13:09 service.go:41: Превышен лимит запросов для клиента: ip:::1
RATELIMIT 2025/05/02 09:13:09 service.go:31: Проверка лимита запросов: ip:::1
RATELIMIT 2025/05/02 09:13:09 service.go:41: Превышен лимит запросов для клиента: ip:::1
RATELIMIT 2025/05/02 09:13:09 service.go:41: Превышен лимит запросов для клиента: ip:::1
RATELIMIT 2025/05/02 09:13:09 service.go:31: Проверка лимита запросов: ip:::1
RATELIMIT 2025/05/02 09:13:09 service.go:31: Проверка лимита запросов: ip:::1
RATELIMIT 2025/05/02 09:13:09 service.go:31: Проверка лимита запросов: ip:::1
RATELIMIT 2025/05/02 09:13:09 service.go:41: Превышен лимит запросов для клиента: ip:::1
RATELIMIT 2025/05/02 09:13:09 service.go:41: Превышен лимит запросов для клиента: ip:::1
RATELIMIT 2025/05/02 09:13:09 service.go:31: Проверка лимита запросов: ip:::1
RATELIMIT 2025/05/02 09:13:09 service.go:31: Проверка лимита запросов: ip:::1
RATELIMIT 2025/05/02 09:13:09 service.go:41: Превышен лимит запросов для клиента: ip:::1
RATELIMIT 2025/05/02 09:13:09 service.go:41: Превышен лимит запросов для клиента: ip:::1
RATELIMIT 2025/05/02 09:13:09 service.go:41: Превышен лимит запросов для клиента: ip:::1
RATELIMIT 2025/05/02 09:13:09 service.go:31: Проверка лимита запросов: ip:::1
RATELIMIT 2025/05/02 09:13:09 service.go:41: Превышен лимит запросов для клиента: ip:::1
RATELIMIT 2025/05/02 09:13:09 service.go:41: Превышен лимит запросов для клиента: ip:::1
RATELIMIT 2025/05/02 09:13:09 service.go:41: Превышен лимит запросов для клиента: ip:::1
RATELIMIT 2025/05/02 09:13:09 service.go:31: Проверка лимита запросов: ip:::1
RATELIMIT 2025/05/02 09:13:09 service.go:31: Проверка лимита запросов: ip:::1
RATELIMIT 2025/05/02 09:13:09 service.go:41: Превышен лимит запросов для клиента: ip:::1
RATELIMIT 2025/05/02 09:13:09 service.go:31: Проверка лимита запросов: ip:::1
RATELIMIT 2025/05/02 09:13:09 service.go:41: Превышен лимит запросов для клиента: ip:::1
RATELIMIT 2025/05/02 09:13:09 service.go:41: Превышен лимит запросов для клиента: ip:::1
RATELIMIT 2025/05/02 09:13:09 service.go:41: Превышен лимит запросов для клиента: ip:::1
RATELIMIT 2025/05/02 09:13:09 service.go:41: Превышен лимит запросов для клиента: ip:::1
RATELIMIT 2025/05/02 09:13:09 service.go:41: Превышен лимит запросов для клиента: ip:::1
RATELIMIT 2025/05/02 09:13:09 service.go:41: Превышен лимит запросов для клиента: ip:::1
RATELIMIT 2025/05/02 09:13:09 service.go:41: Превышен лимит запросов для клиента: ip:::1
RATELIMIT 2025/05/02 09:13:09 service.go:31: Проверка лимита запросов: ip:::1
RATELIMIT 2025/05/02 09:13:09 service.go:41: Превышен лимит запросов для клиента: ip:::1
RATELIMIT 2025/05/02 09:13:09 service.go:31: Проверка лимита запросов: ip:::1
RATELIMIT 2025/05/02 09:13:09 service.go:31: Проверка лимита запросов: ip:::1
RATELIMIT 2025/05/02 09:13:09 service.go:31: Проверка лимита запросов: ip:::1
RATELIMIT 2025/05/02 09:13:09 service.go:31: Проверка лимита запросов: ip:::1
RATELIMIT 2025/05/02 09:13:09 service.go:31: Проверка лимита запросов: ip:::1
RATELIMIT 2025/05/02 09:13:09 service.go:31: Проверка лимита запросов: ip:::1
RATELIMIT 2025/05/02 09:13:09 service.go:31: Проверка лимита запросов: ip:::1
RATELIMIT 2025/05/02 09:13:09 service.go:31: Проверка лимита запросов: ip:::1
RATELIMIT 2025/05/02 09:13:09 service.go:31: Проверка лимита запросов: ip:::1
RATELIMIT 2025/05/02 09:13:09 service.go:31: Проверка лимита запросов: ip:::1
RATELIMIT 2025/05/02 09:13:09 service.go:41: Превышен лимит запросов для клиента: ip:::1
RATELIMIT 2025/05/02 09:13:09 service.go:41: Превышен лимит запросов для клиента: ip:::1
RATELIMIT 2025/05/02 09:13:09 service.go:31: Проверка лимита запросов: ip:::1
RATELIMIT 2025/05/02 09:13:09 service.go:31: Проверка лимита запросов: ip:::1
RATELIMIT 2025/05/02 09:13:09 service.go:41: Превышен лимит запросов для клиента: ip:::1
RATELIMIT 2025/05/02 09:13:09 service.go:41: Превышен лимит запросов для клиента: ip:::1
RATELIMIT 2025/05/02 09:13:09 service.go:31: Проверка лимита запросов: ip:::1
RATELIMIT 2025/05/02 09:13:09 service.go:31: Проверка лимита запросов: ip:::1
RATELIMIT 2025/05/02 09:13:09 service.go:41: Превышен лимит запросов для клиента: ip:::1
RATELIMIT 2025/05/02 09:13:09 service.go:41: Превышен лимит запросов для клиента: ip:::1
RATELIMIT 2025/05/02 09:13:09 service.go:41: Превышен лимит запросов для клиента: ip:::1
RATELIMIT 2025/05/02 09:13:09 service.go:41: Превышен лимит запросов для клиента: ip:::1
RATELIMIT 2025/05/02 09:13:09 service.go:31: Проверка лимита запросов: ip:::1
RATELIMIT 2025/05/02 09:13:09 service.go:31: Проверка лимита запросов: ip:::1
RATELIMIT 2025/05/02 09:13:09 service.go:31: Проверка лимита запросов: ip:::1
RATELIMIT 2025/05/02 09:13:09 service.go:31: Проверка лимита запросов: ip:::1
RATELIMIT 2025/05/02 09:13:09 service.go:41: Превышен лимит запросов для клиента: ip:::1
RATELIMIT 2025/05/02 09:13:09 service.go:41: Превышен лимит запросов для клиента: ip:::1
RATELIMIT 2025/05/02 09:13:09 service.go:41: Превышен лимит запросов для клиента: ip:::1
RATELIMIT 2025/05/02 09:13:09 service.go:31: Проверка лимита запросов: ip:::1
RATELIMIT 2025/05/02 09:13:09 service.go:31: Проверка лимита запросов: ip:::1
RATELIMIT 2025/05/02 09:13:09 service.go:31: Проверка лимита запросов: ip:::1
RATELIMIT 2025/05/02 09:13:09 service.go:41: Превышен лимит запросов для клиента: ip:::1
RATELIMIT 2025/05/02 09:13:09 service.go:41: Превышен лимит запросов для клиента: ip:::1
RATELIMIT 2025/05/02 09:13:09 service.go:31: Проверка лимита запросов: ip:::1
RATELIMIT 2025/05/02 09:13:09 service.go:31: Проверка лимита запросов: ip:::1
RATELIMIT 2025/05/02 09:13:09 service.go:41: Превышен лимит запросов для клиента: ip:::1
RATELIMIT 2025/05/02 09:13:09 service.go:41: Превышен лимит запросов для клиента: ip:::1
RATELIMIT 2025/05/02 09:13:09 service.go:41: Превышен лимит запросов для клиента: ip:::1
RATELIMIT 2025/05/02 09:13:09 service.go:31: Проверка лимита запросов: ip:::1
RATELIMIT 2025/05/02 09:13:09 service.go:41: Превышен лимит запросов для клиента: ip:::1
RATELIMIT 2025/05/02 09:13:09 service.go:31: Проверка лимита запросов: ip:::1
RATELIMIT 2025/05/02 09:13:09 service.go:31: Проверка лимита запросов: ip:::1
RATELIMIT 2025/05/02 09:13:09 service.go:31: Проверка лимита запросов: ip:::1
RATELIMIT 2025/05/02 09:13:09 service.go:41: Превышен лимит запросов для клиента: ip:::1
RATELIMIT 2025/05/02 09:13:09 service.go:41: Превышен лимит запросов для клиента: ip:::1
RATELIMIT 2025/05/02 09:13:09 service.go:31: Проверка лимита запросов: ip:::1
RATELIMIT 2025/05/02 09:13:09 service.go:31: Проверка лимита запросов: ip:::1
RATELIMIT 2025/05/02 09:13:09 service.go:41: Превышен лимит запросов для клиента: ip:::1
RATELIMIT 2025/05/02 09:13:09 service.go:41: Превышен лимит запросов для клиента: ip:::1
RATELIMIT 2025/05/02 09:13:09 service.go:41: Превышен лимит запросов для клиента: ip:::1
RATELIMIT 2025/05/02 09:13:09 service.go:41: Превышен лимит запросов для клиента: ip:::1
RATELIMIT 2025/05/02 09:13:09 service.go:31: Проверка лимита запросов: ip:::1
RATELIMIT 2025/05/02 09:13:09 service.go:31: Проверка лимита запросов: ip:::1
RATELIMIT 2025/05/02 09:13:09 service.go:31: Проверка лимита запросов: ip:::1
RATELIMIT 2025/05/02 09:13:09 service.go:31: Проверка лимита запросов: ip:::1
RATELIMIT 2025/05/02 09:13:09 service.go:41: Превышен лимит запросов для клиента: ip:::1
RATELIMIT 2025/05/02 09:13:09 service.go:41: Превышен лимит запросов для клиента: ip:::1
RATELIMIT 2025/05/02 09:13:09 service.go:41: Превышен лимит запросов для клиента: ip:::1
RATELIMIT 2025/05/02 09:13:09 service.go:41: Превышен лимит запросов для клиента: ip:::1
RATELIMIT 2025/05/02 09:13:09 service.go:31: Проверка лимита запросов: ip:::1
RATELIMIT 2025/05/02 09:13:09 service.go:31: Проверка лимита запросов: ip:::1
RATELIMIT 2025/05/02 09:13:09 service.go:31: Проверка лимита запросов: ip:::1
RATELIMIT 2025/05/02 09:13:09 service.go:31: Проверка лимита запросов: ip:::1
RATELIMIT 2025/05/02 09:13:09 service.go:41: Превышен лимит запросов для клиента: ip:::1
RATELIMIT 2025/05/02 09:13:09 service.go:31: Проверка лимита запросов: ip:::1
RATELIMIT 2025/05/02 09:13:09 service.go:41: Превышен лимит запросов для клиента: ip:::1
RATELIMIT 2025/05/02 09:13:09 service.go:41: Превышен лимит запросов для клиента: ip:::1
RATELIMIT 2025/05/02 09:13:09 service.go:31: Проверка лимита запросов: ip:::1
RATELIMIT 2025/05/02 09:13:09 service.go:31: Проверка лимита запросов: ip:::1
RATELIMIT 2025/05/02 09:13:09 service.go:41: Превышен лимит запросов для клиента: ip:::1
RATELIMIT 2025/05/02 09:13:09 service.go:41: Превышен лимит запросов для клиента: ip:::1
RATELIMIT 2025/05/02 09:13:09 service.go:31: Проверка лимита запросов: ip:::1
RATELIMIT 2025/05/02 09:13:09 service.go:31: Проверка лимита запросов: ip:::1
RATELIMIT 2025/05/02 09:13:09 service.go:41: Превышен лимит запросов для клиента: ip:::1
RATELIMIT 2025/05/02 09:13:09 service.go:31: Проверка лимита запросов: ip:::1
RATELIMIT 2025/05/02 09:13:09 service.go:41: Превышен лимит запросов для клиента: ip:::1
RATELIMIT 2025/05/02 09:13:09 service.go:41: Превышен лимит запросов для клиента: ip:::1
RATELIMIT 2025/05/02 09:13:09 service.go:31: Проверка лимита запросов: ip:::1
RATELIMIT 2025/05/02 09:13:09 service.go:31: Проверка лимита запросов: ip:::1
RATELIMIT 2025/05/02 09:13:09 service.go:41: Превышен лимит запросов для клиента: ip:::1
RATELIMIT 2025/05/02 09:13:09 service.go:31: Проверка лимита запросов: ip:::1
RATELIMIT 2025/05/02 09:13:09 service.go:41: Превышен лимит запросов для клиента: ip:::1
RATELIMIT 2025/05/02 09:13:09 service.go:41: Превышен лимит запросов для клиента: ip:::1
RATELIMIT 2025/05/02 09:13:09 service.go:41: Превышен лимит запросов для клиента: ip:::1
RATELIMIT 2025/05/02 09:13:09 service.go:31: Проверка лимита запросов: ip:::1
RATELIMIT 2025/05/02 09:13:09 service.go:41: Превышен лимит запросов для клиента: ip:::1
RATELIMIT 2025/05/02 09:13:09 service.go:31: Проверка лимита запросов: ip:::1
RATELIMIT 2025/05/02 09:13:09 service.go:41: Превышен лимит запросов для клиента: ip:::1
RATELIMIT 2025/05/02 09:13:09 service.go:31: Проверка лимита запросов: ip:::1
RATELIMIT 2025/05/02 09:13:09 service.go:41: Превышен лимит запросов для клиента: ip:::1
RATELIMIT 2025/05/02 09:13:09 service.go:41: Превышен лимит запросов для клиента: ip:::1
RATELIMIT 2025/05/02 09:13:09 service.go:41: Превышен лимит запросов для клиента: ip:::1
RATELIMIT 2025/05/02 09:13:09 service.go:41: Превышен лимит запросов для клиента: ip:::1
RATELIMIT 2025/05/02 09:13:09 service.go:41: Превышен лимит запросов для клиента: ip:::1
RATELIMIT 2025/05/02 09:13:09 service.go:41: Превышен лимит запросов для клиента: ip:::1
RATELIMIT 2025/05/02 09:13:09 service.go:41: Превышен лимит запросов для клиента: ip:::1
RATELIMIT 2025/05/02 09:13:09 service.go:41: Превышен лимит запросов для клиента: ip:::1
RATELIMIT 2025/05/02 09:14:35 main.go:33: Завершение работы rate limiter
RATELIMIT 2025/05/02 09:15:57 storage.go:52: БД успешно инициализирована
RATELIMIT 2025/05/02 09:15:57 main.go:49: Админ-сервер запущен на :8888
RATELIMIT 2025/05/02 09:16:00 service.go:31: Проверка лимита запросов: ip:::1
RATELIMIT 2025/05/02 09:16:00 service.go:31: Проверка лимита запросов: ip:::1
RATELIMIT 2025/05/02 09:16:00 service.go:31: Проверка лимита запросов: ip:::1
RATELIMIT 2025/05/02 09:16:00 service.go:31: Проверка лимита запросов: ip:::1
RATELIMIT 2025/05/02 09:16:00 service.go:31: Проверка лимита запросов: ip:::1
RATELIMIT 2025/05/02 09:16:00 service.go:31: Проверка лимита запросов: ip:::1
RATELIMIT 2025/05/02 09:16:00 service.go:31: Проверка лимита запросов: ip:::1
RATELIMIT 2025/05/02 09:16:00 service.go:31: Проверка лимита запросов: ip:::1
RATELIMIT 2025/05/02 09:16:00 service.go:31: Проверка лимита запросов: ip:::1
RATELIMIT 2025/05/02 09:16:00 service.go:31: Проверка лимита запросов: ip:::1
RATELIMIT 2025/05/02 09:16:00 service.go:31: Проверка лимита запросов: ip:::1
RATELIMIT 2025/05/02 09:16:00 service.go:31: Проверка лимита запросов: ip:::1
RATELIMIT 2025/05/02 09:16:00 service.go:31: Проверка лимита запросов: ip:::1
RATELIMIT 2025/05/02 09:16:00 service.go:31: Проверка лимита запросов: ip:::1
RATELIMIT 2025/05/02 09:16:00 service.go:31: Проверка лимита запросов: ip:::1
RATELIMIT 2025/05/02 09:16:00 service.go:31: Проверка лимита запросов: ip:::1
RATELIMIT 2025/05/02 09:16:00 service.go:31: Проверка лимита запросов: ip:::1
RATELIMIT 2025/05/02 09:16:00 service.go:31: Проверка лимита запросов: ip:::1
RATELIMIT 2025/05/02 09:16:00 service.go:31: Проверка лимита запросов: ip:::1
RATELIMIT 2025/05/02 09:16:00 service.go:31: Проверка лимита запросов: ip:::1
RATELIMIT 2025/05/02 09:16:00 service.go:31: Проверка лимита запросов: ip:::1
RATELIMIT 2025/05/02 09:16:00 service.go:31: Проверка лимита запросов: ip:::1
RATELIMIT 2025/05/02 09:16:00 service.go:31: Проверка лимита запросов: ip:::1
RATELIMIT 2025/05/02 09:16:00 service.go:31: Проверка лимита запросов: ip:::1
RATELIMIT 2025/05/02 09:16:00 service.go:31: Проверка лимита запросов: ip:::1
RATELIMIT 2025/05/02 09:16:00 service.go:31: Проверка лимита запросов: ip:::1
RATELIMIT 2025/05/02 09:16:00 service.go:31: Проверка лимита запросов: ip:::1
RATELIMIT 2025/05/02 09:16:00 service.go:31: Проверка лимита запросов: ip:::1
RATELIMIT 2025/05/02 09:16:00 service.go:31: Проверка лимита запросов: ip:::1
RATELIMIT 2025/05/02 09:16:00 service.go:31: Проверка лимита запросов: ip:::1
RATELIMIT 2025/05/02 09:16:00 service.go:31: Проверка лимита запросов: ip:::1
RATELIMIT 2025/05/02 09:16:00 service.go:31: Проверка лимита запросов: ip:::1
RATELIMIT 2025/05/02 09:16:00 service.go:31: Проверка лимита запросов: ip:::1
RATELIMIT 2025/05/02 09:16:00 service.go:31: Проверка лимита запросов: ip:::1
RATELIMIT 2025/05/02 09:16:00 service.go:31: Проверка лимита запросов: ip:::1
RATELIMIT 2025/05/02 09:16:00 service.go:31: Проверка лимита запросов: ip:::1
RATELIMIT 2025/05/02 09:16:00 service.go:31: Проверка лимита запросов: ip:::1
RATELIMIT 2025/05/02 09:16:00 service.go:31: Проверка лимита запросов: ip:::1
RATELIMIT 2025/05/02 09:16:00 service.go:31: Проверка лимита запросов: ip:::1
RATELIMIT 2025/05/02 09:16:00 service.go:31: Проверка лимита запросов: ip:::1
RATELIMIT 2025/05/02 09:16:00 service.go:31: Проверка лимита запросов: ip:::1
RATELIMIT 2025/05/02 09:16:00 service.go:31: Проверка лимита запросов: ip:::1
RATELIMIT 2025/05/02 09:16:00 service.go:31: Проверка лимита запросов: ip:::1
RATELIMIT 2025/05/02 09:16:00 service.go:31: Проверка лимита запросов: ip:::1
RATELIMIT 2025/05/02 09:16:00 service.go:31: Проверка лимита запросов: ip:::1
RATELIMIT 2025/05/02 09:16:00 service.go:31: Проверка лимита запросов: ip:::1
RATELIMIT 2025/05/02 09:16:00 service.go:31: Проверка лимита запросов: ip:::1
RATELIMIT 2025/05/02 09:16:00 service.go:31: Проверка лимита запросов: ip:::1
RATELIMIT 2025/05/02 09:16:00 service.go:31: Проверка лимита запросов: ip:::1
RATELIMIT 2025/05/02 09:16:00 service.go:31: Проверка лимита запросов: ip:::1
RATELIMIT 2025/05/02 09:17:03 service.go:31: Проверка лимита запросов: ip:::1
RATELIMIT 2025/05/02 09:18:08 service.go:31: Проверка лимита запросов: ip:::1
RATELIMIT 2025/05/02 09:21:29 main.go:33: Завершение работы rate limiter
RATELIMIT 2025/05/02 09:21:34 storage.go:52: БД успешно инициализирована
RATELIMIT 2025/05/02 09:21:34 main.go:49: Админ-сервер запущен на :8888
RATELIMIT 2025/05/02 09:21:39 service.go:31: Проверка лимита запросов: ip:::1
RATELIMIT 2025/05/02 09:21:39 service.go:31: Проверка лимита запросов: ip:::1
RATELIMIT 2025/05/02 09:21:39 service.go:31: Проверка лимита запросов: ip:::1
RATELIMIT 2025/05/02 09:21:39 service.go:31: Проверка лимита запросов: ip:::1
RATELIMIT 2025/05/02 09:21:39 service.go:31: Проверка лимита запросов: ip:::1
RATELIMIT 2025/05/02 09:21:39 service.go:31: Проверка лимита запросов: ip:::1
RATELIMIT 2025/05/02 09:21:39 service.go:31: Проверка лимита запросов: ip:::1
RATELIMIT 2025/05/02 09:21:39 service.go:31: Проверка лимита запросов: ip:::1
RATELIMIT 2025/05/02 09:21:39 service.go:31: Проверка лимита запросов: ip:::1
RATELIMIT 2025/05/02 09:21:39 service.go:31: Проверка лимита запросов: ip:::1
RATELIMIT 2025/05/02 09:21:39 service.go:31: Проверка лимита запросов: ip:::1
RATELIMIT 2025/05/02 09:21:39 service.go:31: Проверка лимита запросов: ip:::1
RATELIMIT 2025/05/02 09:21:39 service.go:31: Проверка лимита запросов: ip:::1
RATELIMIT 2025/05/02 09:21:39 service.go:31: Проверка лимита запросов: ip:::1
RATELIMIT 2025/05/02 09:21:39 service.go:31: Проверка лимита запросов: ip:::1
RATELIMIT 2025/05/02 09:21:39 service.go:31: Проверка лимита запросов: ip:::1
RATELIMIT 2025/05/02 09:21:39 service.go:31: Проверка лимита запросов: ip:::1
RATELIMIT 2025/05/02 09:21:39 service.go:31: Проверка лимита запросов: ip:::1
RATELIMIT 2025/05/02 09:21:39 service.go:31: Проверка лимита запросов: ip:::1
RATELIMIT 2025/05/02 09:21:39 service.go:31: Проверка лимита запросов: ip:::1
RATELIMIT 2025/05/02 09:21:39 service.go:31: Проверка лимита запросов: ip:::1
RATELIMIT 2025/05/02 09:21:39 service.go:31: Проверка лимита запросов: ip:::1
RATELIMIT 2025/05/02 09:21:39 service.go:31: Проверка лимита запросов: ip:::1
RATELIMIT 2025/05/02 09:21:39 service.go:31: Проверка лимита запросов: ip:::1
RATELIMIT 2025/05/02 09:21:39 service.go:31: Проверка лимита запросов: ip:::1
RATELIMIT 2025/05/02 09:21:39 service.go:31: Проверка лимита запросов: ip:::1
RATELIMIT 2025/05/02 09:21:39 service.go:31: Проверка лимита запросов: ip:::1
RATELIMIT 2025/05/02 09:21:39 service.go:31: Проверка лимита запросов: ip:::1
RATELIMIT 2025/05/02 09:21:39 service.go:31: Проверка лимита запросов: ip:::1
RATELIMIT 2025/05/02 09:21:39 service.go:31: Проверка лимита запросов: ip:::1
RATELIMIT 2025/05/02 09:21:39 service.go:31: Проверка лимита запросов: ip:::1
RATELIMIT 2025/05/02 09:21:39 service.go:31: Проверка лимита запросов: ip:::1
RATELIMIT 2025/05/02 09:21:39 service.go:31: Проверка лимита запросов: ip:::1
RATELIMIT 2025/05/02 09:21:39 service.go:31: Проверка лимита запросов: ip:::1
RATELIMIT 2025/05/02 09:21:39 service.go:31: Проверка лимита запросов: ip:::1
RATELIMIT 2025/05/02 09:21:39 service.go:31: Проверка лимита запросов: ip:::1
RATELIMIT 2025/05/02 09:21:39 service.go:31: Проверка лимита запросов: ip:::1
RATELIMIT 2025/05/02 09:21:39 service.go:31: Проверка лимита запросов: ip:::1
RATELIMIT 2025/05/02 09:21:39 service.go:31: Проверка лимита запросов: ip:::1
RATELIMIT 2025/05/02 09:21:39 service.go:31: Проверка лимита запросов: ip:::1
RATELIMIT 2025/05/02 09:21:39 service.go:31: Проверка лимита запросов: ip:::1
RATELIMIT 2025/05/02 09:21:39 service.go:31: Проверка лимита запросов: ip:::1
RATELIMIT 2025/05/02 09:21:39 service.go:31: Проверка лимита запросов: ip:::1
RATELIMIT 2025/05/02 09:21:39 service.go:31: Проверка лимита запросов: ip:::1
RATELIMIT 2025/05/02 09:21:39 service.go:31: Проверка лимита запросов: ip:::1
RATELIMIT 2025/05/02 09:21:39 service.go:31: Проверка лимита запросов: ip:::1
RATELIMIT 2025/05/02 09:21:39 service.go:31: Проверка лимита запросов: ip:::1
RATELIMIT 2025/05/02 09:21:39 service.go:31: Проверка лимита запросов: ip:::1
RATELIMIT 2025/05/02 09:21:39 service.go:31: Проверка лимита запросов: ip:::1
RATELIMIT 2025/05/02 09:21:39 service.go:31: Проверка лимита запросов: ip:::1
RATELIMIT 2025/05/02 09:25:17 main.go:33: Завершение работы rate limiter
RATELIMIT 2025/05/02 09:25:49 storage.go:52: БД успешно инициализирована
RATELIMIT 2025/05/02 09:25:49 main.go:49: Админ-сервер запущен на :8888
RATELIMIT 2025/05/02 09:25:55 service.go:31: Проверка лимита запросов: ip:::1
RATELIMIT 2025/05/02 09:25:55 service.go:31: Проверка лимита запросов: ip:::1
RATELIMIT 2025/05/02 09:25:55 service.go:31: Проверка лимита запросов: ip:::1
RATELIMIT 2025/05/02 09:25:55 service.go:31: Проверка лимита запросов: ip:::1
RATELIMIT 2025/05/02 09:25:55 service.go:31: Проверка лимита запросов: ip:::1
RATELIMIT 2025/05/02 09:25:55 service.go:31: Проверка лимита запросов: ip:::1
RATELIMIT 2025/05/02 09:25:55 service.go:31: Проверка лимита запросов: ip:::1
RATELIMIT 2025/05/02 09:25:55 service.go:31: Проверка лимита запросов: ip:::1
RATELIMIT 2025/05/02 09:25:55 service.go:31: Проверка лимита запросов: ip:::1
RATELIMIT 2025/05/02 09:25:55 service.go:31: Проверка лимита запросов: ip:::1
RATELIMIT 2025/05/02 09:25:55 service.go:31: Проверка лимита запросов: ip:::1
RATELIMIT 2025/05/02 09:25:55 service.go:31: Проверка лимита запросов: ip:::1
RATELIMIT 2025/05/02 09:25:55 service.go:31: Проверка лимита запросов: ip:::1
RATELIMIT 2025/05/02 09:25:55 service.go:31: Проверка лимита запросов: ip:::1
RATELIMIT 2025/05/02 09:25:55 service.go:31: Проверка лимита запросов: ip:::1
RATELIMIT 2025/05/02 09:25:55 service.go:31: Проверка лимита запросов: ip:::1
RATELIMIT 2025/05/02 09:25:55 service.go:31: Проверка лимита запросов: ip:::1
RATELIMIT 2025/05/02 09:25:55 service.go:31: Проверка лимита запросов: ip:::1
RATELIMIT 2025/05/02 09:25:55 service.go:31: Проверка лимита запросов: ip:::1
RATELIMIT 2025/05/02 09:25:55 service.go:31: Проверка лимита запросов: ip:::1
RATELIMIT 2025/05/02 09:25:55 service.go:31: Проверка лимита запросов: ip:::1
RATELIMIT 2025/05/02 09:25:55 service.go:31: Проверка лимита запросов: ip:::1
RATELIMIT 2025/05/02 09:25:55 service.go:31: Проверка лимита запросов: ip:::1
RATELIMIT 2025/05/02 09:25:55 service.go:31: Проверка лимита запросов: ip:::1
RATELIMIT 2025/05/02 09:25:55 service.go:31: Проверка лимита запросов: ip:::1
RATELIMIT 2025/05/02 09:25:55 service.go:31: Проверка лимита запросов: ip:::1
RATELIMIT 2025/05/02 09:25:55 service.go:31: Проверка лимита запросов: ip:::1
RATELIMIT 2025/05/02 09:25:55 service.go:31: Проверка лимита запросов: ip:::1
RATELIMIT 2025/05/02 09:25:55 service.go:31: Проверка лимита запросов: ip:::1
RATELIMIT 2025/05/02 09:25:55 service.go:31: Проверка лимита запросов: ip:::1
RATELIMIT 2025/05/02 09:25:55 service.go:31: Проверка лимита запросов: ip:::1
RATELIMIT 2025/05/02 09:25:55 service.go:31: Проверка лимита запросов: ip:::1
RATELIMIT 2025/05/02 09:25:55 service.go:31: Проверка лимита запросов: ip:::1
RATELIMIT 2025/05/02 09:25:55 service.go:31: Проверка лимита запросов: ip:::1
RATELIMIT 2025/05/02 09:25:55 service.go:31: Проверка лимита запросов: ip:::1
RATELIMIT 2025/05/02 09:25:55 service.go:31: Проверка лимита запросов: ip:::1
RATELIMIT 2025/05/02 09:25:55 service.go:31: Проверка лимита запросов: ip:::1
RATELIMIT 2025/05/02 09:25:55 service.go:31: Проверка лимита запросов: ip:::1
RATELIMIT 2025/05/02 09:25:55 service.go:31: Проверка лимита запросов: ip:::1
RATELIMIT 2025/05/02 09:25:55 service.go:31: Проверка лимита запросов: ip:::1
RATELIMIT 2025/05/02 09:25:55 service.go:31: Проверка лимита запросов: ip:::1
RATELIMIT 2025/05/02 09:25:55 service.go:31: Проверка лимита запросов: ip:::1
RATELIMIT 2025/05/02 09:25:55 service.go:31: Проверка лимита запросов: ip:::1
RATELIMIT 2025/05/02 09:25:55 service.go:31: Проверка лимита запросов: ip:::1
RATELIMIT 2025/05/02 09:25:55 service.go:31: Проверка лимита запросов: ip:::1
RATELIMIT 2025/05/02 09:25:55 service.go:31: Проверка лимита запросов: ip:::1
RATELIMIT 2025/05/02 09:25:55 service.go:31: Проверка лимита запросов: ip:::1
RATELIMIT 2025/05/02 09:25:55 service.go:31: Проверка лимита запросов: ip:::1
RATELIMIT 2025/05/02 09:25:55 service.go:31: Проверка лимита запросов: ip:::1
RATELIMIT 2025/05/02 09:25:55 service.go:31: Проверка лимита запросов: ip:::1
RATELIMIT 2025/05/02 09:26:39 main.go:33: Завершение работы rate limiter
